<html>
<body>
<pre>
<h1>µVision Build Log</h1>
<h2>Tool Versions:</h2>
IDE-Version: ¦ÌVision V5.31.0.0
Copyright (C) 2020 ARM Ltd and ARM Germany GmbH. All rights reserved.
License Information: LiangYuqian E570, ccc, LIC=YA3VE-5FWDD-1P3Z5-GVR8J-G99MA-5XGDW
 
Tool Versions:
Toolchain:       MDK-ARM Plus  Version: 5.31.0.0
Toolchain Path:  C:\Keil_v5\ARM\ARMCC\Bin
C Compiler:      Armcc.exe V5.06 update 6 (build 750)
Assembler:       Armasm.exe V5.06 update 6 (build 750)
Linker/Locator:  ArmLink.exe V5.06 update 6 (build 750)
Library Manager: ArmAr.exe V5.06 update 6 (build 750)
Hex Converter:   FromElf.exe V5.06 update 6 (build 750)
CPU DLL:         SARMCM3.DLL V5.31.0.0
Dialog DLL:      DCM.DLL V1.17.3.0
Target DLL:      Segger\JL2CM3.dll V2.99.35.0
Dialog DLL:      TCM.DLL V1.46.0.0
 
<h2>Project:</h2>
G:\Git\new-sentry\leader\HAL-Version\MDK-ARM\rp_template_hal_v1.uvprojx
Project File Date:  05/11/2021

<h2>Output:</h2>
*** Using Compiler 'V5.06 update 6 (build 750)', folder: 'C:\Keil_v5\ARM\ARMCC\Bin'
Rebuild target 'rp_template_hal_v1'
assembling startup_stm32f407xx.s...
compiling drv_can.c...
compiling drv_io.c...
compiling drv_uart.c...
compiling drv_tim.c...
compiling drv_adda.c...
compiling drv_haltick.c...
compiling soft_iic.c...
compiling driver.c...
compiling bmi2_ois.c...
compiling bmi270.c...
compiling bmi270_context.c...
compiling bmi2.c...
compiling bmi2_common.c...
compiling bmi.c...
compiling rc_sensor.c...
compiling imu_sensor.c...
compiling motor.c...
compiling device.c...
compiling path_sensor.c...
compiling vision_sensor.c...
compiling judge_sensor.c...
compiling system_task.c...
compiling chassis_task.c...
..\Application\TaskLayer\chassis_task.c(248): warning:  #177-D: function "Is_LeftSwerve_Spot"  was declared but never referenced
  static bool Is_LeftSwerve_Spot()
..\Application\TaskLayer\chassis_task.c(256): warning:  #177-D: function "Is_RightSwerve_Spot"  was declared but never referenced
  static bool Is_RightSwerve_Spot()
..\Application\TaskLayer\chassis_task.c(270): warning:  #177-D: function "Is_PathMid_Spot"  was declared but never referenced
  static bool Is_PathMid_Spot()
..\Application\TaskLayer\chassis_task.c(299): warning:  #177-D: function "Is_LeftQuarter_Spot"  was declared but never referenced
  static bool Is_LeftQuarter_Spot()
..\Application\TaskLayer\chassis_task.c(307): warning:  #177-D: function "Is_RightQuarter_Spot"  was declared but never referenced
  static bool Is_RightQuarter_Spot()
..\Application\TaskLayer\chassis_task.c(335): warning:  #177-D: function "Where_SpotNow"  was declared but never referenced
  static bool Where_SpotNow( )
..\Application\TaskLayer\chassis_task.c(466): warning:  #177-D: function "Chassis_RCcontrol"  was declared but never referenced
  static void Chassis_RCcontrol()
..\Application\TaskLayer\chassis_task.c(600): warning:  #177-D: function "Chassis_AUTO"  was declared but never referenced
  static void Chassis_AUTO()
..\Application\TaskLayer\chassis_task.c(623): warning:  #177-D: function "Chassis_GetMode"  was declared but never referenced
  static void Chassis_GetMode()
..\Application\TaskLayer\chassis_task.c(687): warning:  #177-D: function "Chassis_AUTOcontrol_2_0"  was declared but never referenced
  static void Chassis_AUTOcontrol_2_0()
..\Application\TaskLayer\chassis_task.c(711): warning:  #177-D: function "Chassis_AUTO_2_0"  was declared but never referenced
  static void Chassis_AUTO_2_0()
..\Application\TaskLayer\chassis_task.c(742): warning:  #177-D: function "Chassis_Power_Control"  was declared but never referenced
  static void Chassis_Power_Control()
..\Application\TaskLayer\chassis_task.c: 12 warnings, 0 errors
compiling monitor_task.c...
compiling control_task.c...
compiling gimbal_task.c...
..\Application\TaskLayer\gimbal_task.c(179): warning:  #177-D: function "Get_scout_direction"  was declared but never referenced
  static void  Get_scout_direction()
..\Application\TaskLayer\gimbal_task.c(327): warning:  #177-D: function "Gimbal_Evasion"  was declared but never referenced
  static void Gimbal_Evasion()
..\Application\TaskLayer\gimbal_task.c(332): warning:  #177-D: function "Attack"  was declared but never referenced
  static void Attack()
..\Application\TaskLayer\gimbal_task.c: 3 warnings, 0 errors
compiling fire_task.c...
..\Application\TaskLayer\fire_task.c(198): warning:  #177-D: function "Fire_Judge"  was declared but never referenced
  static void Fire_Judge()
..\Application\TaskLayer\fire_task.c: 1 warning, 0 errors
compiling vision_task.c...
..\Application\TaskLayer\vision_task.c(40): warning:  #177-D: variable "now_time"  was declared but never referenced
      static uint32_t now_time;
..\Application\TaskLayer\vision_task.c(86): warning:  #177-D: function "Offset_Angle_Get"  was declared but never referenced
  static void Offset_Angle_Get()
..\Application\TaskLayer\vision_task.c(242): warning:  #177-D: function "AntiGyro"  was declared but never referenced
  static void AntiGyro()
..\Application\TaskLayer\vision_task.c(283): warning:  #177-D: function "Vision_Radar"  was declared but never referenced
  static void Vision_Radar()
..\Application\TaskLayer\vision_task.c: 4 warnings, 0 errors
compiling kalman.c...
compiling crc.c...
compiling pid.c...
compiling rp_math.c...
compiling kalman_filter.c...
compiling rc_potocol.c...
compiling imu_potocol.c...
compiling can_potocol.c...
compiling vision_potocol.c...
compiling judge_potocol.c...
compiling gpio.c...
compiling main.c...
compiling freertos.c...
compiling adc.c...
compiling dac.c...
compiling can.c...
compiling dma.c...
compiling stm32f4xx_hal_msp.c...
compiling tim.c...
compiling stm32f4xx_it.c...
compiling usart.c...
compiling stm32f4xx_hal_timebase_tim.c...
compiling stm32f4xx_hal_adc_ex.c...
compiling stm32f4xx_hal_adc.c...
compiling stm32f4xx_hal_rcc.c...
compiling stm32f4xx_hal_rcc_ex.c...
compiling stm32f4xx_hal_flash_ramfunc.c...
compiling stm32f4xx_hal_flash_ex.c...
compiling stm32f4xx_hal_flash.c...
compiling stm32f4xx_hal_gpio.c...
compiling stm32f4xx_hal_pwr.c...
compiling stm32f4xx_hal_dma.c...
compiling stm32f4xx_hal_dma_ex.c...
compiling stm32f4xx_hal_pwr_ex.c...
compiling stm32f4xx_hal_cortex.c...
compiling stm32f4xx_hal.c...
compiling stm32f4xx_hal_exti.c...
compiling stm32f4xx_hal_dac_ex.c...
compiling stm32f4xx_hal_dac.c...
compiling stm32f4xx_hal_can.c...
compiling arm_mat_init_f32.c...
compiling stm32f4xx_hal_tim.c...
compiling arm_mat_add_f32.c...
compiling arm_mat_sub_f32.c...
compiling arm_mat_mult_f32.c...
compiling arm_mat_trans_f32.c...
compiling arm_mat_inverse_f32.c...
compiling arm_cos_f32.c...
compiling arm_sin_f32.c...
compiling arm_common_tables.c...
compiling croutine.c...
compiling event_groups.c...
compiling list.c...
compiling queue.c...
compiling stream_buffer.c...
compiling tasks.c...
compiling timers.c...
compiling stm32f4xx_hal_uart.c...
compiling stm32f4xx_hal_tim_ex.c...
compiling heap_4.c...
compiling port.c...
compiling cmsis_os.c...
compiling system_stm32f4xx.c...
linking...
Program Size: Code=49100 RO-data=12064 RW-data=1608 ZI-data=22304  
FromELF: creating hex file...
"rp_template_hal_v1\rp_template_hal_v1.axf" - 0 Error(s), 20 Warning(s).

<h2>Software Packages used:</h2>

Package Vendor: ARM
                http://www.keil.com/pack/ARM.CMSIS.5.7.0.pack
                ARM.CMSIS.5.7.0
                CMSIS (Cortex Microcontroller Software Interface Standard)
   * Component: CORE Version: 5.4.0

Package Vendor: Keil
                http://www.keil.com/pack/Keil.STM32F4xx_DFP.2.14.0.pack
                Keil.STM32F4xx_DFP.2.14.0
                STMicroelectronics STM32F4 Series Device Support, Drivers and Examples

<h2>Collection of Component include folders:</h2>
  .\RTE\_rp_template_hal_v1
  C:\Users\E570\AppData\Local\Arm\Packs\ARM\CMSIS\5.7.0\CMSIS\Core\Include
  C:\Users\E570\AppData\Local\Arm\Packs\Keil\STM32F4xx_DFP\2.14.0\Drivers\CMSIS\Device\ST\STM32F4xx\Include

<h2>Collection of Component Files used:</h2>

   * Component: ARM::CMSIS:CORE:5.4.0
Build Time Elapsed:  00:02:20
</pre>
</body>
</html>
