<html>
<body>
<pre>
<h1>µVision Build Log</h1>
<h2>Tool Versions:</h2>
IDE-Version: ¦ÌVision V5.31.0.0
Copyright (C) 2020 ARM Ltd and ARM Germany GmbH. All rights reserved.
License Information: LiangYuqian E570, ccc, LIC=YA3VE-5FWDD-1P3Z5-GVR8J-G99MA-5XGDW
 
Tool Versions:
Toolchain:       MDK-ARM Plus  Version: 5.31.0.0
Toolchain Path:  C:\Keil_v5\ARM\ARMCC\Bin
C Compiler:      Armcc.exe V5.06 update 6 (build 750)
Assembler:       Armasm.exe V5.06 update 6 (build 750)
Linker/Locator:  ArmLink.exe V5.06 update 6 (build 750)
Library Manager: ArmAr.exe V5.06 update 6 (build 750)
Hex Converter:   FromElf.exe V5.06 update 6 (build 750)
CPU DLL:         SARMCM3.DLL V5.31.0.0
Dialog DLL:      DCM.DLL V1.17.3.0
Target DLL:      Segger\JL2CM3.dll V2.99.35.0
Dialog DLL:      TCM.DLL V1.46.0.0
 
<h2>Project:</h2>
G:\Git\new-sentry\leader\HAL-Version\MDK-ARM\rp_template_hal_v1.uvprojx
Project File Date:  05/11/2021

<h2>Output:</h2>
*** Using Compiler 'V5.06 update 6 (build 750)', folder: 'C:\Keil_v5\ARM\ARMCC\Bin'
Build target 'rp_template_hal_v1'
compiling vision_task.c...
..\Application\TaskLayer\vision_task.c(40): warning:  #177-D: variable "now_time"  was declared but never referenced
      static uint32_t now_time;
..\Application\TaskLayer\vision_task.c(68): warning:  #177-D: function "Offset_Angle_Get"  was declared but never referenced
  static void Offset_Angle_Get()
..\Application\TaskLayer\vision_task.c(221): warning:  #177-D: function "AntiGyro"  was declared but never referenced
  static void AntiGyro()
..\Application\TaskLayer\vision_task.c(262): warning:  #177-D: function "Vision_Radar"  was declared but never referenced
  static void Vision_Radar()
..\Application\TaskLayer\vision_task.c: 4 warnings, 0 errors
linking...
Program Size: Code=48836 RO-data=12064 RW-data=1536 ZI-data=22304  
FromELF: creating hex file...
"rp_template_hal_v1\rp_template_hal_v1.axf" - 0 Error(s), 4 Warning(s).

<h2>Software Packages used:</h2>

Package Vendor: ARM
                http://www.keil.com/pack/ARM.CMSIS.5.7.0.pack
                ARM.CMSIS.5.7.0
                CMSIS (Cortex Microcontroller Software Interface Standard)
   * Component: CORE Version: 5.4.0

Package Vendor: Keil
                http://www.keil.com/pack/Keil.STM32F4xx_DFP.2.14.0.pack
                Keil.STM32F4xx_DFP.2.14.0
                STMicroelectronics STM32F4 Series Device Support, Drivers and Examples

<h2>Collection of Component include folders:</h2>
  .\RTE\_rp_template_hal_v1
  C:\Users\E570\AppData\Local\Arm\Packs\ARM\CMSIS\5.7.0\CMSIS\Core\Include
  C:\Users\E570\AppData\Local\Arm\Packs\Keil\STM32F4xx_DFP\2.14.0\Drivers\CMSIS\Device\ST\STM32F4xx\Include

<h2>Collection of Component Files used:</h2>

   * Component: ARM::CMSIS:CORE:5.4.0
Build Time Elapsed:  00:00:12
</pre>
</body>
</html>
