<html>
<body>
<pre>
<h1>µVision Build Log</h1>
<h2>Tool Versions:</h2>
IDE-Version: ¦ÌVision V5.31.0.0
Copyright (C) 2020 ARM Ltd and ARM Germany GmbH. All rights reserved.
License Information: LiangYuqian E570, ccc, LIC=YA3VE-5FWDD-1P3Z5-GVR8J-G99MA-5XGDW
 
Tool Versions:
Toolchain:       MDK-ARM Plus  Version: 5.31.0.0
Toolchain Path:  C:\Keil_v5\ARM\ARMCC\Bin
C Compiler:      Armcc.exe V5.06 update 6 (build 750)
Assembler:       Armasm.exe V5.06 update 6 (build 750)
Linker/Locator:  ArmLink.exe V5.06 update 6 (build 750)
Library Manager: ArmAr.exe V5.06 update 6 (build 750)
Hex Converter:   FromElf.exe V5.06 update 6 (build 750)
CPU DLL:         SARMCM3.DLL V5.31.0.0
Dialog DLL:      DCM.DLL V1.17.3.0
Target DLL:      Segger\JL2CM3.dll V2.99.35.0
Dialog DLL:      TCM.DLL V1.46.0.0
 
<h2>Project:</h2>
G:\Git\new-sentry\master\HAL-Version\MDK-ARM\rp_template_hal_v1.uvprojx
Project File Date:  02/19/2021

<h2>Output:</h2>
*** Using Compiler 'V5.06 update 6 (build 750)', folder: 'C:\Keil_v5\ARM\ARMCC\Bin'
Rebuild target 'rp_template_hal_v1'
assembling startup_stm32f407xx.s...
compiling drv_tim.c...
compiling drv_io.c...
compiling drv_can.c...
compiling drv_uart.c...
compiling drv_adda.c...
compiling drv_haltick.c...
compiling driver.c...
compiling soft_iic.c...
compiling bmi2_ois.c...
compiling bmi270.c...
compiling bmi270_context.c...
compiling bmi2.c...
compiling bmi2_common.c...
compiling bmi.c...
compiling rc_sensor.c...
compiling imu_sensor.c...
compiling device.c...
compiling motor.c...
compiling path_sensor.c...
compiling vision_sensor.c...
compiling system_task.c...
compiling monitor_task.c...
compiling control_task.c...
compiling kalman.c...
compiling pid.c...
compiling crc.c...
compiling kalman_filter.c...
compiling rp_math.c...
compiling rc_potocol.c...
compiling imu_potocol.c...
compiling can_potocol.c...
compiling vision_potocol.c...
compiling main.c...
compiling gpio.c...
compiling adc.c...
compiling freertos.c...
compiling can.c...
compiling dac.c...
compiling dma.c...
compiling tim.c...
compiling usart.c...
compiling stm32f4xx_it.c...
compiling stm32f4xx_hal_timebase_tim.c...
compiling stm32f4xx_hal_msp.c...
compiling stm32f4xx_hal_adc.c...
compiling stm32f4xx_hal_adc_ex.c...
compiling stm32f4xx_hal_rcc_ex.c...
compiling stm32f4xx_hal_rcc.c...
compiling stm32f4xx_hal_flash.c...
compiling stm32f4xx_hal_flash_ex.c...
compiling stm32f4xx_hal_flash_ramfunc.c...
compiling stm32f4xx_hal_gpio.c...
compiling stm32f4xx_hal_dma_ex.c...
compiling stm32f4xx_hal_dma.c...
compiling stm32f4xx_hal_pwr.c...
compiling stm32f4xx_hal_pwr_ex.c...
compiling stm32f4xx_hal_cortex.c...
compiling stm32f4xx_hal.c...
compiling stm32f4xx_hal_exti.c...
compiling stm32f4xx_hal_dac.c...
compiling stm32f4xx_hal_can.c...
compiling stm32f4xx_hal_dac_ex.c...
compiling arm_mat_init_f32.c...
compiling arm_mat_add_f32.c...
compiling arm_mat_sub_f32.c...
compiling arm_mat_mult_f32.c...
compiling arm_mat_trans_f32.c...
compiling stm32f4xx_hal_tim_ex.c...
compiling stm32f4xx_hal_tim.c...
compiling arm_mat_inverse_f32.c...
compiling stm32f4xx_hal_uart.c...
compiling arm_cos_f32.c...
compiling arm_sin_f32.c...
compiling croutine.c...
compiling arm_common_tables.c...
compiling event_groups.c...
compiling list.c...
compiling stream_buffer.c...
compiling queue.c...
compiling timers.c...
compiling tasks.c...
compiling heap_4.c...
compiling cmsis_os.c...
compiling port.c...
compiling system_stm32f4xx.c...
linking...
Program Size: Code=41668 RO-data=9856 RW-data=824 ZI-data=19376  
FromELF: creating hex file...
"rp_template_hal_v1\rp_template_hal_v1.axf" - 0 Error(s), 0 Warning(s).

<h2>Software Packages used:</h2>

Package Vendor: ARM
                http://www.keil.com/pack/ARM.CMSIS.5.7.0.pack
                ARM.CMSIS.5.7.0
                CMSIS (Cortex Microcontroller Software Interface Standard)
   * Component: CORE Version: 5.4.0

Package Vendor: Keil
                http://www.keil.com/pack/Keil.STM32F4xx_DFP.2.14.0.pack
                Keil.STM32F4xx_DFP.2.14.0
                STMicroelectronics STM32F4 Series Device Support, Drivers and Examples

<h2>Collection of Component include folders:</h2>
  .\RTE\_rp_template_hal_v1
  C:\Users\E570\AppData\Local\Arm\Packs\ARM\CMSIS\5.7.0\CMSIS\Core\Include
  C:\Users\E570\AppData\Local\Arm\Packs\Keil\STM32F4xx_DFP\2.14.0\Drivers\CMSIS\Device\ST\STM32F4xx\Include

<h2>Collection of Component Files used:</h2>

   * Component: ARM::CMSIS:CORE:5.4.0
Build Time Elapsed:  00:03:03
</pre>
</body>
</html>
