<!doctype html public "-//w3c//dtd html 4.0 transitional//en">
<html><head>
<title>Static Call Graph - [.\Objects\project.axf]</title></head>
<body><HR>
<H1>Static Call Graph for image .\Objects\project.axf</H1><HR>
<BR><P>#&#060CALLGRAPH&#062# ARM Linker, 5060750: Last Updated: Fri Feb 05 11:26:41 2021
<BR><P>
<H3>Maximum Stack Usage =        324 bytes + Unknown(Cycles, Untraceable Function Pointers)</H3><H3>
Call chain for Maximum Stack Depth:</H3>
main &rArr; System_Init &rArr; BMI_Init &rArr; Set_gyro &rArr; bmi2_get_sensor_config &rArr; get_step_count_params_config &rArr; bmi2_get_feat_config &rArr; bmi2_get_regs &rArr; malloc
<P>
<H3>
Mutually Recursive functions
</H3> <LI><a href="#[1d]">ADC_IRQHandler</a>&nbsp;&nbsp;&nbsp;&rArr;&nbsp;&nbsp;&nbsp;<a href="#[1d]">ADC_IRQHandler</a><BR>
 <LI><a href="#[5]">BusFault_Handler</a>&nbsp;&nbsp;&nbsp;&rArr;&nbsp;&nbsp;&nbsp;<a href="#[5]">BusFault_Handler</a><BR>
 <LI><a href="#[3]">HardFault_Handler</a>&nbsp;&nbsp;&nbsp;&rArr;&nbsp;&nbsp;&nbsp;<a href="#[3]">HardFault_Handler</a><BR>
 <LI><a href="#[4]">MemManage_Handler</a>&nbsp;&nbsp;&nbsp;&rArr;&nbsp;&nbsp;&nbsp;<a href="#[4]">MemManage_Handler</a><BR>
 <LI><a href="#[b9]">Judge_Data_Receive</a>&nbsp;&nbsp;&nbsp;&rArr;&nbsp;&nbsp;&nbsp;<a href="#[b9]">Judge_Data_Receive</a><BR>
 <LI><a href="#[6]">UsageFault_Handler</a>&nbsp;&nbsp;&nbsp;&rArr;&nbsp;&nbsp;&nbsp;<a href="#[6]">UsageFault_Handler</a><BR>
</UL>
<P>
<H3>
Function Pointers
</H3><UL>
 <LI><a href="#[1d]">ADC_IRQHandler</a> from startup_stm32f40xx.o(.text) referenced from startup_stm32f40xx.o(RESET)
 <LI><a href="#[5]">BusFault_Handler</a> from stm32f4xx_it.o(i.BusFault_Handler) referenced from startup_stm32f40xx.o(RESET)
 <LI><a href="#[1f]">CAN1_RX0_IRQHandler</a> from can1.o(i.CAN1_RX0_IRQHandler) referenced from startup_stm32f40xx.o(RESET)
 <LI><a href="#[20]">CAN1_RX1_IRQHandler</a> from startup_stm32f40xx.o(.text) referenced from startup_stm32f40xx.o(RESET)
 <LI><a href="#[21]">CAN1_SCE_IRQHandler</a> from startup_stm32f40xx.o(.text) referenced from startup_stm32f40xx.o(RESET)
 <LI><a href="#[1e]">CAN1_TX_IRQHandler</a> from startup_stm32f40xx.o(.text) referenced from startup_stm32f40xx.o(RESET)
 <LI><a href="#[4b]">CAN2_RX0_IRQHandler</a> from can2.o(i.CAN2_RX0_IRQHandler) referenced from startup_stm32f40xx.o(RESET)
 <LI><a href="#[4c]">CAN2_RX1_IRQHandler</a> from startup_stm32f40xx.o(.text) referenced from startup_stm32f40xx.o(RESET)
 <LI><a href="#[4d]">CAN2_SCE_IRQHandler</a> from startup_stm32f40xx.o(.text) referenced from startup_stm32f40xx.o(RESET)
 <LI><a href="#[4a]">CAN2_TX_IRQHandler</a> from can2.o(i.CAN2_TX_IRQHandler) referenced from startup_stm32f40xx.o(RESET)
 <LI><a href="#[5a]">CRYP_IRQHandler</a> from startup_stm32f40xx.o(.text) referenced from startup_stm32f40xx.o(RESET)
 <LI><a href="#[59]">DCMI_IRQHandler</a> from startup_stm32f40xx.o(.text) referenced from startup_stm32f40xx.o(RESET)
 <LI><a href="#[16]">DMA1_Stream0_IRQHandler</a> from startup_stm32f40xx.o(.text) referenced from startup_stm32f40xx.o(RESET)
 <LI><a href="#[17]">DMA1_Stream1_IRQHandler</a> from startup_stm32f40xx.o(.text) referenced from startup_stm32f40xx.o(RESET)
 <LI><a href="#[18]">DMA1_Stream2_IRQHandler</a> from startup_stm32f40xx.o(.text) referenced from startup_stm32f40xx.o(RESET)
 <LI><a href="#[19]">DMA1_Stream3_IRQHandler</a> from startup_stm32f40xx.o(.text) referenced from startup_stm32f40xx.o(RESET)
 <LI><a href="#[1a]">DMA1_Stream4_IRQHandler</a> from startup_stm32f40xx.o(.text) referenced from startup_stm32f40xx.o(RESET)
 <LI><a href="#[1b]">DMA1_Stream5_IRQHandler</a> from usart2.o(i.DMA1_Stream5_IRQHandler) referenced from startup_stm32f40xx.o(RESET)
 <LI><a href="#[1c]">DMA1_Stream6_IRQHandler</a> from startup_stm32f40xx.o(.text) referenced from startup_stm32f40xx.o(RESET)
 <LI><a href="#[3a]">DMA1_Stream7_IRQHandler</a> from startup_stm32f40xx.o(.text) referenced from startup_stm32f40xx.o(RESET)
 <LI><a href="#[43]">DMA2_Stream0_IRQHandler</a> from startup_stm32f40xx.o(.text) referenced from startup_stm32f40xx.o(RESET)
 <LI><a href="#[44]">DMA2_Stream1_IRQHandler</a> from startup_stm32f40xx.o(.text) referenced from startup_stm32f40xx.o(RESET)
 <LI><a href="#[45]">DMA2_Stream2_IRQHandler</a> from startup_stm32f40xx.o(.text) referenced from startup_stm32f40xx.o(RESET)
 <LI><a href="#[46]">DMA2_Stream3_IRQHandler</a> from startup_stm32f40xx.o(.text) referenced from startup_stm32f40xx.o(RESET)
 <LI><a href="#[47]">DMA2_Stream4_IRQHandler</a> from startup_stm32f40xx.o(.text) referenced from startup_stm32f40xx.o(RESET)
 <LI><a href="#[4f]">DMA2_Stream5_IRQHandler</a> from startup_stm32f40xx.o(.text) referenced from startup_stm32f40xx.o(RESET)
 <LI><a href="#[50]">DMA2_Stream6_IRQHandler</a> from startup_stm32f40xx.o(.text) referenced from startup_stm32f40xx.o(RESET)
 <LI><a href="#[51]">DMA2_Stream7_IRQHandler</a> from startup_stm32f40xx.o(.text) referenced from startup_stm32f40xx.o(RESET)
 <LI><a href="#[8]">DebugMon_Handler</a> from stm32f4xx_it.o(i.DebugMon_Handler) referenced from startup_stm32f40xx.o(RESET)
 <LI><a href="#[48]">ETH_IRQHandler</a> from startup_stm32f40xx.o(.text) referenced from startup_stm32f40xx.o(RESET)
 <LI><a href="#[49]">ETH_WKUP_IRQHandler</a> from startup_stm32f40xx.o(.text) referenced from startup_stm32f40xx.o(RESET)
 <LI><a href="#[11]">EXTI0_IRQHandler</a> from startup_stm32f40xx.o(.text) referenced from startup_stm32f40xx.o(RESET)
 <LI><a href="#[33]">EXTI15_10_IRQHandler</a> from startup_stm32f40xx.o(.text) referenced from startup_stm32f40xx.o(RESET)
 <LI><a href="#[12]">EXTI1_IRQHandler</a> from startup_stm32f40xx.o(.text) referenced from startup_stm32f40xx.o(RESET)
 <LI><a href="#[13]">EXTI2_IRQHandler</a> from startup_stm32f40xx.o(.text) referenced from startup_stm32f40xx.o(RESET)
 <LI><a href="#[14]">EXTI3_IRQHandler</a> from startup_stm32f40xx.o(.text) referenced from startup_stm32f40xx.o(RESET)
 <LI><a href="#[15]">EXTI4_IRQHandler</a> from startup_stm32f40xx.o(.text) referenced from startup_stm32f40xx.o(RESET)
 <LI><a href="#[22]">EXTI9_5_IRQHandler</a> from startup_stm32f40xx.o(.text) referenced from startup_stm32f40xx.o(RESET)
 <LI><a href="#[f]">FLASH_IRQHandler</a> from startup_stm32f40xx.o(.text) referenced from startup_stm32f40xx.o(RESET)
 <LI><a href="#[5c]">FPU_IRQHandler</a> from startup_stm32f40xx.o(.text) referenced from startup_stm32f40xx.o(RESET)
 <LI><a href="#[3b]">FSMC_IRQHandler</a> from startup_stm32f40xx.o(.text) referenced from startup_stm32f40xx.o(RESET)
 <LI><a href="#[5b]">HASH_RNG_IRQHandler</a> from startup_stm32f40xx.o(.text) referenced from startup_stm32f40xx.o(RESET)
 <LI><a href="#[3]">HardFault_Handler</a> from stm32f4xx_it.o(i.HardFault_Handler) referenced from startup_stm32f40xx.o(RESET)
 <LI><a href="#[2b]">I2C1_ER_IRQHandler</a> from startup_stm32f40xx.o(.text) referenced from startup_stm32f40xx.o(RESET)
 <LI><a href="#[2a]">I2C1_EV_IRQHandler</a> from startup_stm32f40xx.o(.text) referenced from startup_stm32f40xx.o(RESET)
 <LI><a href="#[2d]">I2C2_ER_IRQHandler</a> from startup_stm32f40xx.o(.text) referenced from startup_stm32f40xx.o(RESET)
 <LI><a href="#[2c]">I2C2_EV_IRQHandler</a> from startup_stm32f40xx.o(.text) referenced from startup_stm32f40xx.o(RESET)
 <LI><a href="#[54]">I2C3_ER_IRQHandler</a> from startup_stm32f40xx.o(.text) referenced from startup_stm32f40xx.o(RESET)
 <LI><a href="#[53]">I2C3_EV_IRQHandler</a> from startup_stm32f40xx.o(.text) referenced from startup_stm32f40xx.o(RESET)
 <LI><a href="#[4]">MemManage_Handler</a> from stm32f4xx_it.o(i.MemManage_Handler) referenced from startup_stm32f40xx.o(RESET)
 <LI><a href="#[2]">NMI_Handler</a> from stm32f4xx_it.o(i.NMI_Handler) referenced from startup_stm32f40xx.o(RESET)
 <LI><a href="#[4e]">OTG_FS_IRQHandler</a> from startup_stm32f40xx.o(.text) referenced from startup_stm32f40xx.o(RESET)
 <LI><a href="#[35]">OTG_FS_WKUP_IRQHandler</a> from startup_stm32f40xx.o(.text) referenced from startup_stm32f40xx.o(RESET)
 <LI><a href="#[56]">OTG_HS_EP1_IN_IRQHandler</a> from startup_stm32f40xx.o(.text) referenced from startup_stm32f40xx.o(RESET)
 <LI><a href="#[55]">OTG_HS_EP1_OUT_IRQHandler</a> from startup_stm32f40xx.o(.text) referenced from startup_stm32f40xx.o(RESET)
 <LI><a href="#[58]">OTG_HS_IRQHandler</a> from startup_stm32f40xx.o(.text) referenced from startup_stm32f40xx.o(RESET)
 <LI><a href="#[57]">OTG_HS_WKUP_IRQHandler</a> from startup_stm32f40xx.o(.text) referenced from startup_stm32f40xx.o(RESET)
 <LI><a href="#[c]">PVD_IRQHandler</a> from startup_stm32f40xx.o(.text) referenced from startup_stm32f40xx.o(RESET)
 <LI><a href="#[9]">PendSV_Handler</a> from stm32f4xx_it.o(i.PendSV_Handler) referenced from startup_stm32f40xx.o(RESET)
 <LI><a href="#[10]">RCC_IRQHandler</a> from startup_stm32f40xx.o(.text) referenced from startup_stm32f40xx.o(RESET)
 <LI><a href="#[34]">RTC_Alarm_IRQHandler</a> from startup_stm32f40xx.o(.text) referenced from startup_stm32f40xx.o(RESET)
 <LI><a href="#[e]">RTC_WKUP_IRQHandler</a> from startup_stm32f40xx.o(.text) referenced from startup_stm32f40xx.o(RESET)
 <LI><a href="#[1]">Reset_Handler</a> from startup_stm32f40xx.o(.text) referenced from startup_stm32f40xx.o(RESET)
 <LI><a href="#[3c]">SDIO_IRQHandler</a> from startup_stm32f40xx.o(.text) referenced from startup_stm32f40xx.o(RESET)
 <LI><a href="#[2e]">SPI1_IRQHandler</a> from startup_stm32f40xx.o(.text) referenced from startup_stm32f40xx.o(RESET)
 <LI><a href="#[2f]">SPI2_IRQHandler</a> from startup_stm32f40xx.o(.text) referenced from startup_stm32f40xx.o(RESET)
 <LI><a href="#[3e]">SPI3_IRQHandler</a> from startup_stm32f40xx.o(.text) referenced from startup_stm32f40xx.o(RESET)
 <LI><a href="#[7]">SVC_Handler</a> from stm32f4xx_it.o(i.SVC_Handler) referenced from startup_stm32f40xx.o(RESET)
 <LI><a href="#[a]">SysTick_Handler</a> from stm32f4xx_it.o(i.SysTick_Handler) referenced from startup_stm32f40xx.o(RESET)
 <LI><a href="#[5e]">SystemInit</a> from system_stm32f4xx.o(i.SystemInit) referenced from startup_stm32f40xx.o(.text)
 <LI><a href="#[d]">TAMP_STAMP_IRQHandler</a> from startup_stm32f40xx.o(.text) referenced from startup_stm32f40xx.o(RESET)
 <LI><a href="#[23]">TIM1_BRK_TIM9_IRQHandler</a> from startup_stm32f40xx.o(.text) referenced from startup_stm32f40xx.o(RESET)
 <LI><a href="#[26]">TIM1_CC_IRQHandler</a> from startup_stm32f40xx.o(.text) referenced from startup_stm32f40xx.o(RESET)
 <LI><a href="#[25]">TIM1_TRG_COM_TIM11_IRQHandler</a> from startup_stm32f40xx.o(.text) referenced from startup_stm32f40xx.o(RESET)
 <LI><a href="#[24]">TIM1_UP_TIM10_IRQHandler</a> from startup_stm32f40xx.o(.text) referenced from startup_stm32f40xx.o(RESET)
 <LI><a href="#[27]">TIM2_IRQHandler</a> from startup_stm32f40xx.o(.text) referenced from startup_stm32f40xx.o(RESET)
 <LI><a href="#[28]">TIM3_IRQHandler</a> from startup_stm32f40xx.o(.text) referenced from startup_stm32f40xx.o(RESET)
 <LI><a href="#[29]">TIM4_IRQHandler</a> from startup_stm32f40xx.o(.text) referenced from startup_stm32f40xx.o(RESET)
 <LI><a href="#[3d]">TIM5_IRQHandler</a> from startup_stm32f40xx.o(.text) referenced from startup_stm32f40xx.o(RESET)
 <LI><a href="#[41]">TIM6_DAC_IRQHandler</a> from startup_stm32f40xx.o(.text) referenced from startup_stm32f40xx.o(RESET)
 <LI><a href="#[42]">TIM7_IRQHandler</a> from startup_stm32f40xx.o(.text) referenced from startup_stm32f40xx.o(RESET)
 <LI><a href="#[36]">TIM8_BRK_TIM12_IRQHandler</a> from startup_stm32f40xx.o(.text) referenced from startup_stm32f40xx.o(RESET)
 <LI><a href="#[39]">TIM8_CC_IRQHandler</a> from startup_stm32f40xx.o(.text) referenced from startup_stm32f40xx.o(RESET)
 <LI><a href="#[38]">TIM8_TRG_COM_TIM14_IRQHandler</a> from startup_stm32f40xx.o(.text) referenced from startup_stm32f40xx.o(RESET)
 <LI><a href="#[37]">TIM8_UP_TIM13_IRQHandler</a> from startup_stm32f40xx.o(.text) referenced from startup_stm32f40xx.o(RESET)
 <LI><a href="#[3f]">UART4_IRQHandler</a> from startup_stm32f40xx.o(.text) referenced from startup_stm32f40xx.o(RESET)
 <LI><a href="#[40]">UART5_IRQHandler</a> from judge.o(i.UART5_IRQHandler) referenced from startup_stm32f40xx.o(RESET)
 <LI><a href="#[30]">USART1_IRQHandler</a> from vision_1.o(i.USART1_IRQHandler) referenced from startup_stm32f40xx.o(RESET)
 <LI><a href="#[31]">USART2_IRQHandler</a> from startup_stm32f40xx.o(.text) referenced from startup_stm32f40xx.o(RESET)
 <LI><a href="#[32]">USART3_IRQHandler</a> from startup_stm32f40xx.o(.text) referenced from startup_stm32f40xx.o(RESET)
 <LI><a href="#[52]">USART6_IRQHandler</a> from startup_stm32f40xx.o(.text) referenced from startup_stm32f40xx.o(RESET)
 <LI><a href="#[6]">UsageFault_Handler</a> from stm32f4xx_it.o(i.UsageFault_Handler) referenced from startup_stm32f40xx.o(RESET)
 <LI><a href="#[b]">WWDG_IRQHandler</a> from startup_stm32f40xx.o(.text) referenced from startup_stm32f40xx.o(RESET)
 <LI><a href="#[5f]">__main</a> from entry.o(.ARM.Collect$$$$00000000) referenced from startup_stm32f40xx.o(.text)
 <LI><a href="#[60]">fputc</a> from usart.o(i.fputc) referenced from printf1.o(i.__0printf$1)
 <LI><a href="#[5d]">main</a> from main.o(i.main) referenced from entry9a.o(.ARM.Collect$$$$0000000B)
 <LI><a href="#[63]">user_delay_us</a> from bmi2_common.o(i.user_delay_us) referenced from bmi2_common.o(i.bmi2_interface_selection)
 <LI><a href="#[61]">user_i2c_reg_read</a> from bmi2_common.o(i.user_i2c_reg_read) referenced from bmi2_common.o(i.bmi2_interface_selection)
 <LI><a href="#[62]">user_i2c_reg_write</a> from bmi2_common.o(i.user_i2c_reg_write) referenced from bmi2_common.o(i.bmi2_interface_selection)
</UL>
<P>
<H3>
Global Symbols
</H3>
<P><STRONG><a name="[5f]"></a>__main</STRONG> (Thumb, 0 bytes, Stack size unknown bytes, entry.o(.ARM.Collect$$$$00000000))
<BR>[Address Reference Count : 1]<UL><LI> startup_stm32f40xx.o(.text)
</UL>
<P><STRONG><a name="[17f]"></a>_main_stk</STRONG> (Thumb, 0 bytes, Stack size unknown bytes, entry2.o(.ARM.Collect$$$$00000001))

<P><STRONG><a name="[64]"></a>_main_scatterload</STRONG> (Thumb, 0 bytes, Stack size unknown bytes, entry5.o(.ARM.Collect$$$$00000004))
<BR><BR>[Calls]<UL><LI><a href="#[65]">&gt;&gt;</a>&nbsp;&nbsp;&nbsp;__scatterload
</UL>

<P><STRONG><a name="[75]"></a>__main_after_scatterload</STRONG> (Thumb, 0 bytes, Stack size unknown bytes, entry5.o(.ARM.Collect$$$$00000004))
<BR><BR>[Called By]<UL><LI><a href="#[65]">&gt;&gt;</a>&nbsp;&nbsp;&nbsp;__scatterload
</UL>

<P><STRONG><a name="[180]"></a>_main_clock</STRONG> (Thumb, 0 bytes, Stack size unknown bytes, entry7b.o(.ARM.Collect$$$$00000008))

<P><STRONG><a name="[181]"></a>_main_cpp_init</STRONG> (Thumb, 0 bytes, Stack size unknown bytes, entry8b.o(.ARM.Collect$$$$0000000A))

<P><STRONG><a name="[182]"></a>_main_init</STRONG> (Thumb, 0 bytes, Stack size unknown bytes, entry9a.o(.ARM.Collect$$$$0000000B))

<P><STRONG><a name="[183]"></a>__rt_final_cpp</STRONG> (Thumb, 0 bytes, Stack size unknown bytes, entry10a.o(.ARM.Collect$$$$0000000D))

<P><STRONG><a name="[184]"></a>__rt_final_exit</STRONG> (Thumb, 0 bytes, Stack size unknown bytes, entry11a.o(.ARM.Collect$$$$0000000F))

<P><STRONG><a name="[1]"></a>Reset_Handler</STRONG> (Thumb, 8 bytes, Stack size 0 bytes, startup_stm32f40xx.o(.text))
<BR>[Address Reference Count : 1]<UL><LI> startup_stm32f40xx.o(RESET)
</UL>
<P><STRONG><a name="[1d]"></a>ADC_IRQHandler</STRONG> (Thumb, 0 bytes, Stack size 0 bytes, startup_stm32f40xx.o(.text))
<BR><BR>[Calls]<UL><LI><a href="#[1d]">&gt;&gt;</a>&nbsp;&nbsp;&nbsp;ADC_IRQHandler
</UL>
<BR>[Called By]<UL><LI><a href="#[1d]">&gt;&gt;</a>&nbsp;&nbsp;&nbsp;ADC_IRQHandler
</UL>
<BR>[Address Reference Count : 1]<UL><LI> startup_stm32f40xx.o(RESET)
</UL>
<P><STRONG><a name="[20]"></a>CAN1_RX1_IRQHandler</STRONG> (Thumb, 0 bytes, Stack size 0 bytes, startup_stm32f40xx.o(.text))
<BR>[Address Reference Count : 1]<UL><LI> startup_stm32f40xx.o(RESET)
</UL>
<P><STRONG><a name="[21]"></a>CAN1_SCE_IRQHandler</STRONG> (Thumb, 0 bytes, Stack size 0 bytes, startup_stm32f40xx.o(.text))
<BR>[Address Reference Count : 1]<UL><LI> startup_stm32f40xx.o(RESET)
</UL>
<P><STRONG><a name="[1e]"></a>CAN1_TX_IRQHandler</STRONG> (Thumb, 0 bytes, Stack size 0 bytes, startup_stm32f40xx.o(.text))
<BR>[Address Reference Count : 1]<UL><LI> startup_stm32f40xx.o(RESET)
</UL>
<P><STRONG><a name="[4c]"></a>CAN2_RX1_IRQHandler</STRONG> (Thumb, 0 bytes, Stack size 0 bytes, startup_stm32f40xx.o(.text))
<BR>[Address Reference Count : 1]<UL><LI> startup_stm32f40xx.o(RESET)
</UL>
<P><STRONG><a name="[4d]"></a>CAN2_SCE_IRQHandler</STRONG> (Thumb, 0 bytes, Stack size 0 bytes, startup_stm32f40xx.o(.text))
<BR>[Address Reference Count : 1]<UL><LI> startup_stm32f40xx.o(RESET)
</UL>
<P><STRONG><a name="[5a]"></a>CRYP_IRQHandler</STRONG> (Thumb, 0 bytes, Stack size 0 bytes, startup_stm32f40xx.o(.text))
<BR>[Address Reference Count : 1]<UL><LI> startup_stm32f40xx.o(RESET)
</UL>
<P><STRONG><a name="[59]"></a>DCMI_IRQHandler</STRONG> (Thumb, 0 bytes, Stack size 0 bytes, startup_stm32f40xx.o(.text))
<BR>[Address Reference Count : 1]<UL><LI> startup_stm32f40xx.o(RESET)
</UL>
<P><STRONG><a name="[16]"></a>DMA1_Stream0_IRQHandler</STRONG> (Thumb, 0 bytes, Stack size 0 bytes, startup_stm32f40xx.o(.text))
<BR>[Address Reference Count : 1]<UL><LI> startup_stm32f40xx.o(RESET)
</UL>
<P><STRONG><a name="[17]"></a>DMA1_Stream1_IRQHandler</STRONG> (Thumb, 0 bytes, Stack size 0 bytes, startup_stm32f40xx.o(.text))
<BR>[Address Reference Count : 1]<UL><LI> startup_stm32f40xx.o(RESET)
</UL>
<P><STRONG><a name="[18]"></a>DMA1_Stream2_IRQHandler</STRONG> (Thumb, 0 bytes, Stack size 0 bytes, startup_stm32f40xx.o(.text))
<BR>[Address Reference Count : 1]<UL><LI> startup_stm32f40xx.o(RESET)
</UL>
<P><STRONG><a name="[19]"></a>DMA1_Stream3_IRQHandler</STRONG> (Thumb, 0 bytes, Stack size 0 bytes, startup_stm32f40xx.o(.text))
<BR>[Address Reference Count : 1]<UL><LI> startup_stm32f40xx.o(RESET)
</UL>
<P><STRONG><a name="[1a]"></a>DMA1_Stream4_IRQHandler</STRONG> (Thumb, 0 bytes, Stack size 0 bytes, startup_stm32f40xx.o(.text))
<BR>[Address Reference Count : 1]<UL><LI> startup_stm32f40xx.o(RESET)
</UL>
<P><STRONG><a name="[1c]"></a>DMA1_Stream6_IRQHandler</STRONG> (Thumb, 0 bytes, Stack size 0 bytes, startup_stm32f40xx.o(.text))
<BR>[Address Reference Count : 1]<UL><LI> startup_stm32f40xx.o(RESET)
</UL>
<P><STRONG><a name="[3a]"></a>DMA1_Stream7_IRQHandler</STRONG> (Thumb, 0 bytes, Stack size 0 bytes, startup_stm32f40xx.o(.text))
<BR>[Address Reference Count : 1]<UL><LI> startup_stm32f40xx.o(RESET)
</UL>
<P><STRONG><a name="[43]"></a>DMA2_Stream0_IRQHandler</STRONG> (Thumb, 0 bytes, Stack size 0 bytes, startup_stm32f40xx.o(.text))
<BR>[Address Reference Count : 1]<UL><LI> startup_stm32f40xx.o(RESET)
</UL>
<P><STRONG><a name="[44]"></a>DMA2_Stream1_IRQHandler</STRONG> (Thumb, 0 bytes, Stack size 0 bytes, startup_stm32f40xx.o(.text))
<BR>[Address Reference Count : 1]<UL><LI> startup_stm32f40xx.o(RESET)
</UL>
<P><STRONG><a name="[45]"></a>DMA2_Stream2_IRQHandler</STRONG> (Thumb, 0 bytes, Stack size 0 bytes, startup_stm32f40xx.o(.text))
<BR>[Address Reference Count : 1]<UL><LI> startup_stm32f40xx.o(RESET)
</UL>
<P><STRONG><a name="[46]"></a>DMA2_Stream3_IRQHandler</STRONG> (Thumb, 0 bytes, Stack size 0 bytes, startup_stm32f40xx.o(.text))
<BR>[Address Reference Count : 1]<UL><LI> startup_stm32f40xx.o(RESET)
</UL>
<P><STRONG><a name="[47]"></a>DMA2_Stream4_IRQHandler</STRONG> (Thumb, 0 bytes, Stack size 0 bytes, startup_stm32f40xx.o(.text))
<BR>[Address Reference Count : 1]<UL><LI> startup_stm32f40xx.o(RESET)
</UL>
<P><STRONG><a name="[4f]"></a>DMA2_Stream5_IRQHandler</STRONG> (Thumb, 0 bytes, Stack size 0 bytes, startup_stm32f40xx.o(.text))
<BR>[Address Reference Count : 1]<UL><LI> startup_stm32f40xx.o(RESET)
</UL>
<P><STRONG><a name="[50]"></a>DMA2_Stream6_IRQHandler</STRONG> (Thumb, 0 bytes, Stack size 0 bytes, startup_stm32f40xx.o(.text))
<BR>[Address Reference Count : 1]<UL><LI> startup_stm32f40xx.o(RESET)
</UL>
<P><STRONG><a name="[51]"></a>DMA2_Stream7_IRQHandler</STRONG> (Thumb, 0 bytes, Stack size 0 bytes, startup_stm32f40xx.o(.text))
<BR>[Address Reference Count : 1]<UL><LI> startup_stm32f40xx.o(RESET)
</UL>
<P><STRONG><a name="[48]"></a>ETH_IRQHandler</STRONG> (Thumb, 0 bytes, Stack size 0 bytes, startup_stm32f40xx.o(.text))
<BR>[Address Reference Count : 1]<UL><LI> startup_stm32f40xx.o(RESET)
</UL>
<P><STRONG><a name="[49]"></a>ETH_WKUP_IRQHandler</STRONG> (Thumb, 0 bytes, Stack size 0 bytes, startup_stm32f40xx.o(.text))
<BR>[Address Reference Count : 1]<UL><LI> startup_stm32f40xx.o(RESET)
</UL>
<P><STRONG><a name="[11]"></a>EXTI0_IRQHandler</STRONG> (Thumb, 0 bytes, Stack size 0 bytes, startup_stm32f40xx.o(.text))
<BR>[Address Reference Count : 1]<UL><LI> startup_stm32f40xx.o(RESET)
</UL>
<P><STRONG><a name="[33]"></a>EXTI15_10_IRQHandler</STRONG> (Thumb, 0 bytes, Stack size 0 bytes, startup_stm32f40xx.o(.text))
<BR>[Address Reference Count : 1]<UL><LI> startup_stm32f40xx.o(RESET)
</UL>
<P><STRONG><a name="[12]"></a>EXTI1_IRQHandler</STRONG> (Thumb, 0 bytes, Stack size 0 bytes, startup_stm32f40xx.o(.text))
<BR>[Address Reference Count : 1]<UL><LI> startup_stm32f40xx.o(RESET)
</UL>
<P><STRONG><a name="[13]"></a>EXTI2_IRQHandler</STRONG> (Thumb, 0 bytes, Stack size 0 bytes, startup_stm32f40xx.o(.text))
<BR>[Address Reference Count : 1]<UL><LI> startup_stm32f40xx.o(RESET)
</UL>
<P><STRONG><a name="[14]"></a>EXTI3_IRQHandler</STRONG> (Thumb, 0 bytes, Stack size 0 bytes, startup_stm32f40xx.o(.text))
<BR>[Address Reference Count : 1]<UL><LI> startup_stm32f40xx.o(RESET)
</UL>
<P><STRONG><a name="[15]"></a>EXTI4_IRQHandler</STRONG> (Thumb, 0 bytes, Stack size 0 bytes, startup_stm32f40xx.o(.text))
<BR>[Address Reference Count : 1]<UL><LI> startup_stm32f40xx.o(RESET)
</UL>
<P><STRONG><a name="[22]"></a>EXTI9_5_IRQHandler</STRONG> (Thumb, 0 bytes, Stack size 0 bytes, startup_stm32f40xx.o(.text))
<BR>[Address Reference Count : 1]<UL><LI> startup_stm32f40xx.o(RESET)
</UL>
<P><STRONG><a name="[f]"></a>FLASH_IRQHandler</STRONG> (Thumb, 0 bytes, Stack size 0 bytes, startup_stm32f40xx.o(.text))
<BR>[Address Reference Count : 1]<UL><LI> startup_stm32f40xx.o(RESET)
</UL>
<P><STRONG><a name="[5c]"></a>FPU_IRQHandler</STRONG> (Thumb, 0 bytes, Stack size 0 bytes, startup_stm32f40xx.o(.text))
<BR>[Address Reference Count : 1]<UL><LI> startup_stm32f40xx.o(RESET)
</UL>
<P><STRONG><a name="[3b]"></a>FSMC_IRQHandler</STRONG> (Thumb, 0 bytes, Stack size 0 bytes, startup_stm32f40xx.o(.text))
<BR>[Address Reference Count : 1]<UL><LI> startup_stm32f40xx.o(RESET)
</UL>
<P><STRONG><a name="[5b]"></a>HASH_RNG_IRQHandler</STRONG> (Thumb, 0 bytes, Stack size 0 bytes, startup_stm32f40xx.o(.text))
<BR>[Address Reference Count : 1]<UL><LI> startup_stm32f40xx.o(RESET)
</UL>
<P><STRONG><a name="[2b]"></a>I2C1_ER_IRQHandler</STRONG> (Thumb, 0 bytes, Stack size 0 bytes, startup_stm32f40xx.o(.text))
<BR>[Address Reference Count : 1]<UL><LI> startup_stm32f40xx.o(RESET)
</UL>
<P><STRONG><a name="[2a]"></a>I2C1_EV_IRQHandler</STRONG> (Thumb, 0 bytes, Stack size 0 bytes, startup_stm32f40xx.o(.text))
<BR>[Address Reference Count : 1]<UL><LI> startup_stm32f40xx.o(RESET)
</UL>
<P><STRONG><a name="[2d]"></a>I2C2_ER_IRQHandler</STRONG> (Thumb, 0 bytes, Stack size 0 bytes, startup_stm32f40xx.o(.text))
<BR>[Address Reference Count : 1]<UL><LI> startup_stm32f40xx.o(RESET)
</UL>
<P><STRONG><a name="[2c]"></a>I2C2_EV_IRQHandler</STRONG> (Thumb, 0 bytes, Stack size 0 bytes, startup_stm32f40xx.o(.text))
<BR>[Address Reference Count : 1]<UL><LI> startup_stm32f40xx.o(RESET)
</UL>
<P><STRONG><a name="[54]"></a>I2C3_ER_IRQHandler</STRONG> (Thumb, 0 bytes, Stack size 0 bytes, startup_stm32f40xx.o(.text))
<BR>[Address Reference Count : 1]<UL><LI> startup_stm32f40xx.o(RESET)
</UL>
<P><STRONG><a name="[53]"></a>I2C3_EV_IRQHandler</STRONG> (Thumb, 0 bytes, Stack size 0 bytes, startup_stm32f40xx.o(.text))
<BR>[Address Reference Count : 1]<UL><LI> startup_stm32f40xx.o(RESET)
</UL>
<P><STRONG><a name="[4e]"></a>OTG_FS_IRQHandler</STRONG> (Thumb, 0 bytes, Stack size 0 bytes, startup_stm32f40xx.o(.text))
<BR>[Address Reference Count : 1]<UL><LI> startup_stm32f40xx.o(RESET)
</UL>
<P><STRONG><a name="[35]"></a>OTG_FS_WKUP_IRQHandler</STRONG> (Thumb, 0 bytes, Stack size 0 bytes, startup_stm32f40xx.o(.text))
<BR>[Address Reference Count : 1]<UL><LI> startup_stm32f40xx.o(RESET)
</UL>
<P><STRONG><a name="[56]"></a>OTG_HS_EP1_IN_IRQHandler</STRONG> (Thumb, 0 bytes, Stack size 0 bytes, startup_stm32f40xx.o(.text))
<BR>[Address Reference Count : 1]<UL><LI> startup_stm32f40xx.o(RESET)
</UL>
<P><STRONG><a name="[55]"></a>OTG_HS_EP1_OUT_IRQHandler</STRONG> (Thumb, 0 bytes, Stack size 0 bytes, startup_stm32f40xx.o(.text))
<BR>[Address Reference Count : 1]<UL><LI> startup_stm32f40xx.o(RESET)
</UL>
<P><STRONG><a name="[58]"></a>OTG_HS_IRQHandler</STRONG> (Thumb, 0 bytes, Stack size 0 bytes, startup_stm32f40xx.o(.text))
<BR>[Address Reference Count : 1]<UL><LI> startup_stm32f40xx.o(RESET)
</UL>
<P><STRONG><a name="[57]"></a>OTG_HS_WKUP_IRQHandler</STRONG> (Thumb, 0 bytes, Stack size 0 bytes, startup_stm32f40xx.o(.text))
<BR>[Address Reference Count : 1]<UL><LI> startup_stm32f40xx.o(RESET)
</UL>
<P><STRONG><a name="[c]"></a>PVD_IRQHandler</STRONG> (Thumb, 0 bytes, Stack size 0 bytes, startup_stm32f40xx.o(.text))
<BR>[Address Reference Count : 1]<UL><LI> startup_stm32f40xx.o(RESET)
</UL>
<P><STRONG><a name="[10]"></a>RCC_IRQHandler</STRONG> (Thumb, 0 bytes, Stack size 0 bytes, startup_stm32f40xx.o(.text))
<BR>[Address Reference Count : 1]<UL><LI> startup_stm32f40xx.o(RESET)
</UL>
<P><STRONG><a name="[34]"></a>RTC_Alarm_IRQHandler</STRONG> (Thumb, 0 bytes, Stack size 0 bytes, startup_stm32f40xx.o(.text))
<BR>[Address Reference Count : 1]<UL><LI> startup_stm32f40xx.o(RESET)
</UL>
<P><STRONG><a name="[e]"></a>RTC_WKUP_IRQHandler</STRONG> (Thumb, 0 bytes, Stack size 0 bytes, startup_stm32f40xx.o(.text))
<BR>[Address Reference Count : 1]<UL><LI> startup_stm32f40xx.o(RESET)
</UL>
<P><STRONG><a name="[3c]"></a>SDIO_IRQHandler</STRONG> (Thumb, 0 bytes, Stack size 0 bytes, startup_stm32f40xx.o(.text))
<BR>[Address Reference Count : 1]<UL><LI> startup_stm32f40xx.o(RESET)
</UL>
<P><STRONG><a name="[2e]"></a>SPI1_IRQHandler</STRONG> (Thumb, 0 bytes, Stack size 0 bytes, startup_stm32f40xx.o(.text))
<BR>[Address Reference Count : 1]<UL><LI> startup_stm32f40xx.o(RESET)
</UL>
<P><STRONG><a name="[2f]"></a>SPI2_IRQHandler</STRONG> (Thumb, 0 bytes, Stack size 0 bytes, startup_stm32f40xx.o(.text))
<BR>[Address Reference Count : 1]<UL><LI> startup_stm32f40xx.o(RESET)
</UL>
<P><STRONG><a name="[3e]"></a>SPI3_IRQHandler</STRONG> (Thumb, 0 bytes, Stack size 0 bytes, startup_stm32f40xx.o(.text))
<BR>[Address Reference Count : 1]<UL><LI> startup_stm32f40xx.o(RESET)
</UL>
<P><STRONG><a name="[d]"></a>TAMP_STAMP_IRQHandler</STRONG> (Thumb, 0 bytes, Stack size 0 bytes, startup_stm32f40xx.o(.text))
<BR>[Address Reference Count : 1]<UL><LI> startup_stm32f40xx.o(RESET)
</UL>
<P><STRONG><a name="[23]"></a>TIM1_BRK_TIM9_IRQHandler</STRONG> (Thumb, 0 bytes, Stack size 0 bytes, startup_stm32f40xx.o(.text))
<BR>[Address Reference Count : 1]<UL><LI> startup_stm32f40xx.o(RESET)
</UL>
<P><STRONG><a name="[26]"></a>TIM1_CC_IRQHandler</STRONG> (Thumb, 0 bytes, Stack size 0 bytes, startup_stm32f40xx.o(.text))
<BR>[Address Reference Count : 1]<UL><LI> startup_stm32f40xx.o(RESET)
</UL>
<P><STRONG><a name="[25]"></a>TIM1_TRG_COM_TIM11_IRQHandler</STRONG> (Thumb, 0 bytes, Stack size 0 bytes, startup_stm32f40xx.o(.text))
<BR>[Address Reference Count : 1]<UL><LI> startup_stm32f40xx.o(RESET)
</UL>
<P><STRONG><a name="[24]"></a>TIM1_UP_TIM10_IRQHandler</STRONG> (Thumb, 0 bytes, Stack size 0 bytes, startup_stm32f40xx.o(.text))
<BR>[Address Reference Count : 1]<UL><LI> startup_stm32f40xx.o(RESET)
</UL>
<P><STRONG><a name="[27]"></a>TIM2_IRQHandler</STRONG> (Thumb, 0 bytes, Stack size 0 bytes, startup_stm32f40xx.o(.text))
<BR>[Address Reference Count : 1]<UL><LI> startup_stm32f40xx.o(RESET)
</UL>
<P><STRONG><a name="[28]"></a>TIM3_IRQHandler</STRONG> (Thumb, 0 bytes, Stack size 0 bytes, startup_stm32f40xx.o(.text))
<BR>[Address Reference Count : 1]<UL><LI> startup_stm32f40xx.o(RESET)
</UL>
<P><STRONG><a name="[29]"></a>TIM4_IRQHandler</STRONG> (Thumb, 0 bytes, Stack size 0 bytes, startup_stm32f40xx.o(.text))
<BR>[Address Reference Count : 1]<UL><LI> startup_stm32f40xx.o(RESET)
</UL>
<P><STRONG><a name="[3d]"></a>TIM5_IRQHandler</STRONG> (Thumb, 0 bytes, Stack size 0 bytes, startup_stm32f40xx.o(.text))
<BR>[Address Reference Count : 1]<UL><LI> startup_stm32f40xx.o(RESET)
</UL>
<P><STRONG><a name="[41]"></a>TIM6_DAC_IRQHandler</STRONG> (Thumb, 0 bytes, Stack size 0 bytes, startup_stm32f40xx.o(.text))
<BR>[Address Reference Count : 1]<UL><LI> startup_stm32f40xx.o(RESET)
</UL>
<P><STRONG><a name="[42]"></a>TIM7_IRQHandler</STRONG> (Thumb, 0 bytes, Stack size 0 bytes, startup_stm32f40xx.o(.text))
<BR>[Address Reference Count : 1]<UL><LI> startup_stm32f40xx.o(RESET)
</UL>
<P><STRONG><a name="[36]"></a>TIM8_BRK_TIM12_IRQHandler</STRONG> (Thumb, 0 bytes, Stack size 0 bytes, startup_stm32f40xx.o(.text))
<BR>[Address Reference Count : 1]<UL><LI> startup_stm32f40xx.o(RESET)
</UL>
<P><STRONG><a name="[39]"></a>TIM8_CC_IRQHandler</STRONG> (Thumb, 0 bytes, Stack size 0 bytes, startup_stm32f40xx.o(.text))
<BR>[Address Reference Count : 1]<UL><LI> startup_stm32f40xx.o(RESET)
</UL>
<P><STRONG><a name="[38]"></a>TIM8_TRG_COM_TIM14_IRQHandler</STRONG> (Thumb, 0 bytes, Stack size 0 bytes, startup_stm32f40xx.o(.text))
<BR>[Address Reference Count : 1]<UL><LI> startup_stm32f40xx.o(RESET)
</UL>
<P><STRONG><a name="[37]"></a>TIM8_UP_TIM13_IRQHandler</STRONG> (Thumb, 0 bytes, Stack size 0 bytes, startup_stm32f40xx.o(.text))
<BR>[Address Reference Count : 1]<UL><LI> startup_stm32f40xx.o(RESET)
</UL>
<P><STRONG><a name="[3f]"></a>UART4_IRQHandler</STRONG> (Thumb, 0 bytes, Stack size 0 bytes, startup_stm32f40xx.o(.text))
<BR>[Address Reference Count : 1]<UL><LI> startup_stm32f40xx.o(RESET)
</UL>
<P><STRONG><a name="[31]"></a>USART2_IRQHandler</STRONG> (Thumb, 0 bytes, Stack size 0 bytes, startup_stm32f40xx.o(.text))
<BR>[Address Reference Count : 1]<UL><LI> startup_stm32f40xx.o(RESET)
</UL>
<P><STRONG><a name="[32]"></a>USART3_IRQHandler</STRONG> (Thumb, 0 bytes, Stack size 0 bytes, startup_stm32f40xx.o(.text))
<BR>[Address Reference Count : 1]<UL><LI> startup_stm32f40xx.o(RESET)
</UL>
<P><STRONG><a name="[52]"></a>USART6_IRQHandler</STRONG> (Thumb, 0 bytes, Stack size 0 bytes, startup_stm32f40xx.o(.text))
<BR>[Address Reference Count : 1]<UL><LI> startup_stm32f40xx.o(RESET)
</UL>
<P><STRONG><a name="[b]"></a>WWDG_IRQHandler</STRONG> (Thumb, 0 bytes, Stack size 0 bytes, startup_stm32f40xx.o(.text))
<BR>[Address Reference Count : 1]<UL><LI> startup_stm32f40xx.o(RESET)
</UL>
<P><STRONG><a name="[bc]"></a>__aeabi_memcpy</STRONG> (Thumb, 36 bytes, Stack size 0 bytes, memcpya.o(.text))
<BR><BR>[Called By]<UL><LI><a href="#[b9]">&gt;&gt;</a>&nbsp;&nbsp;&nbsp;Judge_Data_Receive
<LI><a href="#[30]">&gt;&gt;</a>&nbsp;&nbsp;&nbsp;USART1_IRQHandler
</UL>

<P><STRONG><a name="[185]"></a>__aeabi_memcpy4</STRONG> (Thumb, 0 bytes, Stack size 0 bytes, memcpya.o(.text), UNUSED)

<P><STRONG><a name="[186]"></a>__aeabi_memcpy8</STRONG> (Thumb, 0 bytes, Stack size 0 bytes, memcpya.o(.text), UNUSED)

<P><STRONG><a name="[67]"></a>__aeabi_memset</STRONG> (Thumb, 14 bytes, Stack size 0 bytes, memseta.o(.text))
<BR><BR>[Called By]<UL><LI><a href="#[68]">&gt;&gt;</a>&nbsp;&nbsp;&nbsp;_memset$wrapper
<LI><a href="#[66]">&gt;&gt;</a>&nbsp;&nbsp;&nbsp;__aeabi_memclr
</UL>

<P><STRONG><a name="[187]"></a>__aeabi_memset4</STRONG> (Thumb, 0 bytes, Stack size 0 bytes, memseta.o(.text), UNUSED)

<P><STRONG><a name="[188]"></a>__aeabi_memset8</STRONG> (Thumb, 0 bytes, Stack size 0 bytes, memseta.o(.text), UNUSED)

<P><STRONG><a name="[66]"></a>__aeabi_memclr</STRONG> (Thumb, 4 bytes, Stack size 0 bytes, memseta.o(.text))
<BR><BR>[Calls]<UL><LI><a href="#[67]">&gt;&gt;</a>&nbsp;&nbsp;&nbsp;__aeabi_memset
</UL>
<BR>[Called By]<UL><LI><a href="#[40]">&gt;&gt;</a>&nbsp;&nbsp;&nbsp;UART5_IRQHandler
</UL>

<P><STRONG><a name="[f7]"></a>__aeabi_memclr4</STRONG> (Thumb, 0 bytes, Stack size 0 bytes, memseta.o(.text))
<BR><BR>[Called By]<UL><LI><a href="#[30]">&gt;&gt;</a>&nbsp;&nbsp;&nbsp;USART1_IRQHandler
</UL>

<P><STRONG><a name="[189]"></a>__aeabi_memclr8</STRONG> (Thumb, 0 bytes, Stack size 0 bytes, memseta.o(.text), UNUSED)

<P><STRONG><a name="[68]"></a>_memset$wrapper</STRONG> (Thumb, 18 bytes, Stack size 8 bytes, memseta.o(.text), UNUSED)
<BR><BR>[Calls]<UL><LI><a href="#[67]">&gt;&gt;</a>&nbsp;&nbsp;&nbsp;__aeabi_memset
</UL>

<P><STRONG><a name="[69]"></a>__aeabi_dadd</STRONG> (Thumb, 322 bytes, Stack size 48 bytes, dadd.o(.text))
<BR><BR>[Stack]<UL><LI>Max Depth = 88<LI>Call Chain = __aeabi_dadd &rArr; _double_epilogue &rArr; _double_round
</UL>
<BR>[Calls]<UL><LI><a href="#[6b]">&gt;&gt;</a>&nbsp;&nbsp;&nbsp;__aeabi_lasr
<LI><a href="#[6a]">&gt;&gt;</a>&nbsp;&nbsp;&nbsp;__aeabi_llsl
<LI><a href="#[6d]">&gt;&gt;</a>&nbsp;&nbsp;&nbsp;_double_round
<LI><a href="#[6c]">&gt;&gt;</a>&nbsp;&nbsp;&nbsp;_double_epilogue
</UL>
<BR>[Called By]<UL><LI><a href="#[6f]">&gt;&gt;</a>&nbsp;&nbsp;&nbsp;__aeabi_drsub
<LI><a href="#[6e]">&gt;&gt;</a>&nbsp;&nbsp;&nbsp;__aeabi_dsub
<LI><a href="#[7f]">&gt;&gt;</a>&nbsp;&nbsp;&nbsp;__hardfp_asin
<LI><a href="#[108]">&gt;&gt;</a>&nbsp;&nbsp;&nbsp;__kernel_poly
<LI><a href="#[10c]">&gt;&gt;</a>&nbsp;&nbsp;&nbsp;__mathlib_dbl_infnan2
<LI><a href="#[103]">&gt;&gt;</a>&nbsp;&nbsp;&nbsp;__mathlib_dbl_infnan
<LI><a href="#[10b]">&gt;&gt;</a>&nbsp;&nbsp;&nbsp;__hardfp_atan
</UL>

<P><STRONG><a name="[6e]"></a>__aeabi_dsub</STRONG> (Thumb, 6 bytes, Stack size 0 bytes, dadd.o(.text))
<BR><BR>[Stack]<UL><LI>Max Depth = 88<LI>Call Chain = __aeabi_dsub &rArr; __aeabi_dadd &rArr; _double_epilogue &rArr; _double_round
</UL>
<BR>[Calls]<UL><LI><a href="#[69]">&gt;&gt;</a>&nbsp;&nbsp;&nbsp;__aeabi_dadd
</UL>
<BR>[Called By]<UL><LI><a href="#[7e]">&gt;&gt;</a>&nbsp;&nbsp;&nbsp;__hardfp_atan2
<LI><a href="#[7f]">&gt;&gt;</a>&nbsp;&nbsp;&nbsp;__hardfp_asin
<LI><a href="#[10b]">&gt;&gt;</a>&nbsp;&nbsp;&nbsp;__hardfp_atan
</UL>

<P><STRONG><a name="[6f]"></a>__aeabi_drsub</STRONG> (Thumb, 6 bytes, Stack size 0 bytes, dadd.o(.text))
<BR><BR>[Stack]<UL><LI>Max Depth = 88<LI>Call Chain = __aeabi_drsub &rArr; __aeabi_dadd &rArr; _double_epilogue &rArr; _double_round
</UL>
<BR>[Calls]<UL><LI><a href="#[69]">&gt;&gt;</a>&nbsp;&nbsp;&nbsp;__aeabi_dadd
</UL>
<BR>[Called By]<UL><LI><a href="#[7e]">&gt;&gt;</a>&nbsp;&nbsp;&nbsp;__hardfp_atan2
<LI><a href="#[7f]">&gt;&gt;</a>&nbsp;&nbsp;&nbsp;__hardfp_asin
<LI><a href="#[10b]">&gt;&gt;</a>&nbsp;&nbsp;&nbsp;__hardfp_atan
</UL>

<P><STRONG><a name="[70]"></a>__aeabi_dmul</STRONG> (Thumb, 228 bytes, Stack size 48 bytes, dmul.o(.text))
<BR><BR>[Stack]<UL><LI>Max Depth = 88<LI>Call Chain = __aeabi_dmul &rArr; _double_epilogue &rArr; _double_round
</UL>
<BR>[Calls]<UL><LI><a href="#[6c]">&gt;&gt;</a>&nbsp;&nbsp;&nbsp;_double_epilogue
</UL>
<BR>[Called By]<UL><LI><a href="#[79]">&gt;&gt;</a>&nbsp;&nbsp;&nbsp;BMI_Get_data
<LI><a href="#[7f]">&gt;&gt;</a>&nbsp;&nbsp;&nbsp;__hardfp_asin
<LI><a href="#[108]">&gt;&gt;</a>&nbsp;&nbsp;&nbsp;__kernel_poly
<LI><a href="#[107]">&gt;&gt;</a>&nbsp;&nbsp;&nbsp;__mathlib_dbl_underflow
<LI><a href="#[10b]">&gt;&gt;</a>&nbsp;&nbsp;&nbsp;__hardfp_atan
</UL>

<P><STRONG><a name="[71]"></a>__aeabi_ddiv</STRONG> (Thumb, 222 bytes, Stack size 32 bytes, ddiv.o(.text))
<BR><BR>[Stack]<UL><LI>Max Depth = 40<LI>Call Chain = __aeabi_ddiv &rArr; _double_round
</UL>
<BR>[Calls]<UL><LI><a href="#[6d]">&gt;&gt;</a>&nbsp;&nbsp;&nbsp;_double_round
</UL>
<BR>[Called By]<UL><LI><a href="#[7e]">&gt;&gt;</a>&nbsp;&nbsp;&nbsp;__hardfp_atan2
<LI><a href="#[7f]">&gt;&gt;</a>&nbsp;&nbsp;&nbsp;__hardfp_asin
<LI><a href="#[105]">&gt;&gt;</a>&nbsp;&nbsp;&nbsp;__mathlib_dbl_invalid
<LI><a href="#[10b]">&gt;&gt;</a>&nbsp;&nbsp;&nbsp;__hardfp_atan
</UL>

<P><STRONG><a name="[7d]"></a>__aeabi_f2d</STRONG> (Thumb, 38 bytes, Stack size 0 bytes, f2d.o(.text))
<BR><BR>[Called By]<UL><LI><a href="#[79]">&gt;&gt;</a>&nbsp;&nbsp;&nbsp;BMI_Get_data
</UL>

<P><STRONG><a name="[72]"></a>__aeabi_d2f</STRONG> (Thumb, 56 bytes, Stack size 8 bytes, d2f.o(.text))
<BR><BR>[Stack]<UL><LI>Max Depth = 8<LI>Call Chain = __aeabi_d2f
</UL>
<BR>[Calls]<UL><LI><a href="#[73]">&gt;&gt;</a>&nbsp;&nbsp;&nbsp;_float_round
</UL>
<BR>[Called By]<UL><LI><a href="#[79]">&gt;&gt;</a>&nbsp;&nbsp;&nbsp;BMI_Get_data
</UL>

<P><STRONG><a name="[18a]"></a>__aeabi_uidiv</STRONG> (Thumb, 0 bytes, Stack size 12 bytes, uidiv.o(.text), UNUSED)

<P><STRONG><a name="[10e]"></a>__aeabi_uidivmod</STRONG> (Thumb, 44 bytes, Stack size 12 bytes, uidiv.o(.text), UNUSED)
<BR><BR>[Called By]<UL><LI><a href="#[102]">&gt;&gt;</a>&nbsp;&nbsp;&nbsp;_printf_core
</UL>

<P><STRONG><a name="[6a]"></a>__aeabi_llsl</STRONG> (Thumb, 30 bytes, Stack size 0 bytes, llshl.o(.text))
<BR><BR>[Called By]<UL><LI><a href="#[69]">&gt;&gt;</a>&nbsp;&nbsp;&nbsp;__aeabi_dadd
<LI><a href="#[6c]">&gt;&gt;</a>&nbsp;&nbsp;&nbsp;_double_epilogue
</UL>

<P><STRONG><a name="[18b]"></a>_ll_shift_l</STRONG> (Thumb, 0 bytes, Stack size 0 bytes, llshl.o(.text), UNUSED)

<P><STRONG><a name="[6b]"></a>__aeabi_lasr</STRONG> (Thumb, 36 bytes, Stack size 0 bytes, llsshr.o(.text))
<BR><BR>[Called By]<UL><LI><a href="#[69]">&gt;&gt;</a>&nbsp;&nbsp;&nbsp;__aeabi_dadd
</UL>

<P><STRONG><a name="[18c]"></a>_ll_sshift_r</STRONG> (Thumb, 0 bytes, Stack size 0 bytes, llsshr.o(.text), UNUSED)

<P><STRONG><a name="[18d]"></a>__I$use$fp</STRONG> (Thumb, 0 bytes, Stack size 0 bytes, iusefp.o(.text), UNUSED)

<P><STRONG><a name="[73]"></a>_float_round</STRONG> (Thumb, 18 bytes, Stack size 0 bytes, fepilogue.o(.text))
<BR><BR>[Called By]<UL><LI><a href="#[72]">&gt;&gt;</a>&nbsp;&nbsp;&nbsp;__aeabi_d2f
</UL>

<P><STRONG><a name="[18e]"></a>_float_epilogue</STRONG> (Thumb, 92 bytes, Stack size 4 bytes, fepilogue.o(.text), UNUSED)

<P><STRONG><a name="[6d]"></a>_double_round</STRONG> (Thumb, 30 bytes, Stack size 8 bytes, depilogue.o(.text))
<BR><BR>[Stack]<UL><LI>Max Depth = 8<LI>Call Chain = _double_round
</UL>
<BR>[Called By]<UL><LI><a href="#[71]">&gt;&gt;</a>&nbsp;&nbsp;&nbsp;__aeabi_ddiv
<LI><a href="#[69]">&gt;&gt;</a>&nbsp;&nbsp;&nbsp;__aeabi_dadd
<LI><a href="#[76]">&gt;&gt;</a>&nbsp;&nbsp;&nbsp;_dsqrt
<LI><a href="#[6c]">&gt;&gt;</a>&nbsp;&nbsp;&nbsp;_double_epilogue
</UL>

<P><STRONG><a name="[6c]"></a>_double_epilogue</STRONG> (Thumb, 156 bytes, Stack size 32 bytes, depilogue.o(.text))
<BR><BR>[Stack]<UL><LI>Max Depth = 40<LI>Call Chain = _double_epilogue &rArr; _double_round
</UL>
<BR>[Calls]<UL><LI><a href="#[74]">&gt;&gt;</a>&nbsp;&nbsp;&nbsp;__aeabi_llsr
<LI><a href="#[6a]">&gt;&gt;</a>&nbsp;&nbsp;&nbsp;__aeabi_llsl
<LI><a href="#[6d]">&gt;&gt;</a>&nbsp;&nbsp;&nbsp;_double_round
</UL>
<BR>[Called By]<UL><LI><a href="#[70]">&gt;&gt;</a>&nbsp;&nbsp;&nbsp;__aeabi_dmul
<LI><a href="#[69]">&gt;&gt;</a>&nbsp;&nbsp;&nbsp;__aeabi_dadd
</UL>

<P><STRONG><a name="[65]"></a>__scatterload</STRONG> (Thumb, 28 bytes, Stack size 0 bytes, init.o(.text))
<BR><BR>[Calls]<UL><LI><a href="#[75]">&gt;&gt;</a>&nbsp;&nbsp;&nbsp;__main_after_scatterload
</UL>
<BR>[Called By]<UL><LI><a href="#[64]">&gt;&gt;</a>&nbsp;&nbsp;&nbsp;_main_scatterload
</UL>

<P><STRONG><a name="[18f]"></a>__scatterload_rt2</STRONG> (Thumb, 0 bytes, Stack size 0 bytes, init.o(.text), UNUSED)

<P><STRONG><a name="[74]"></a>__aeabi_llsr</STRONG> (Thumb, 32 bytes, Stack size 0 bytes, llushr.o(.text))
<BR><BR>[Called By]<UL><LI><a href="#[76]">&gt;&gt;</a>&nbsp;&nbsp;&nbsp;_dsqrt
<LI><a href="#[6c]">&gt;&gt;</a>&nbsp;&nbsp;&nbsp;_double_epilogue
</UL>

<P><STRONG><a name="[190]"></a>_ll_ushift_r</STRONG> (Thumb, 0 bytes, Stack size 0 bytes, llushr.o(.text), UNUSED)

<P><STRONG><a name="[76]"></a>_dsqrt</STRONG> (Thumb, 162 bytes, Stack size 32 bytes, dsqrt.o(.text))
<BR><BR>[Stack]<UL><LI>Max Depth = 40<LI>Call Chain = _dsqrt &rArr; _double_round
</UL>
<BR>[Calls]<UL><LI><a href="#[74]">&gt;&gt;</a>&nbsp;&nbsp;&nbsp;__aeabi_llsr
<LI><a href="#[6d]">&gt;&gt;</a>&nbsp;&nbsp;&nbsp;_double_round
</UL>
<BR>[Called By]<UL><LI><a href="#[10a]">&gt;&gt;</a>&nbsp;&nbsp;&nbsp;sqrt
</UL>

<P><STRONG><a name="[191]"></a>__decompress</STRONG> (Thumb, 0 bytes, Stack size unknown bytes, __dczerorl2.o(.text), UNUSED)

<P><STRONG><a name="[192]"></a>__decompress1</STRONG> (Thumb, 86 bytes, Stack size unknown bytes, __dczerorl2.o(.text), UNUSED)

<P><STRONG><a name="[77]"></a>BMI_GET_DATA</STRONG> (Thumb, 72 bytes, Stack size 48 bytes, bmi.o(i.BMI_GET_DATA))
<BR><BR>[Stack]<UL><LI>Max Depth = 140<LI>Call Chain = BMI_GET_DATA &rArr; MPU_Read_all &rArr; IIC_Read_Byte &rArr; IIC_NAck &rArr; delay_us &rArr; micros
</UL>
<BR>[Calls]<UL><LI><a href="#[78]">&gt;&gt;</a>&nbsp;&nbsp;&nbsp;MPU_Read_all
</UL>
<BR>[Called By]<UL><LI><a href="#[c2]">&gt;&gt;</a>&nbsp;&nbsp;&nbsp;Loop
</UL>

<P><STRONG><a name="[79]"></a>BMI_Get_data</STRONG> (Thumb, 1116 bytes, Stack size 64 bytes, bmi.o(i.BMI_Get_data))
<BR><BR>[Stack]<UL><LI>Max Depth = 280<LI>Call Chain = BMI_Get_data &rArr; __hardfp_atan2 &rArr; atan &rArr; __hardfp_atan &rArr; __kernel_poly &rArr; __aeabi_dmul &rArr; _double_epilogue &rArr; _double_round
</UL>
<BR>[Calls]<UL><LI><a href="#[70]">&gt;&gt;</a>&nbsp;&nbsp;&nbsp;__aeabi_dmul
<LI><a href="#[72]">&gt;&gt;</a>&nbsp;&nbsp;&nbsp;__aeabi_d2f
<LI><a href="#[7d]">&gt;&gt;</a>&nbsp;&nbsp;&nbsp;__aeabi_f2d
<LI><a href="#[7c]">&gt;&gt;</a>&nbsp;&nbsp;&nbsp;inVSqrt
<LI><a href="#[7b]">&gt;&gt;</a>&nbsp;&nbsp;&nbsp;lsb_to_mps2
<LI><a href="#[7a]">&gt;&gt;</a>&nbsp;&nbsp;&nbsp;lsb_to_dps
<LI><a href="#[7e]">&gt;&gt;</a>&nbsp;&nbsp;&nbsp;__hardfp_atan2
<LI><a href="#[7f]">&gt;&gt;</a>&nbsp;&nbsp;&nbsp;__hardfp_asin
</UL>
<BR>[Called By]<UL><LI><a href="#[c2]">&gt;&gt;</a>&nbsp;&nbsp;&nbsp;Loop
</UL>

<P><STRONG><a name="[80]"></a>BMI_Init</STRONG> (Thumb, 102 bytes, Stack size 16 bytes, bmi.o(i.BMI_Init))
<BR><BR>[Stack]<UL><LI>Max Depth = 316<LI>Call Chain = BMI_Init &rArr; Set_gyro &rArr; bmi2_get_sensor_config &rArr; get_step_count_params_config &rArr; bmi2_get_feat_config &rArr; bmi2_get_regs &rArr; malloc
</UL>
<BR>[Calls]<UL><LI><a href="#[84]">&gt;&gt;</a>&nbsp;&nbsp;&nbsp;bmi2_sensor_enable
<LI><a href="#[81]">&gt;&gt;</a>&nbsp;&nbsp;&nbsp;bmi2_interface_selection
<LI><a href="#[82]">&gt;&gt;</a>&nbsp;&nbsp;&nbsp;bmi2_error_codes_print_result
<LI><a href="#[83]">&gt;&gt;</a>&nbsp;&nbsp;&nbsp;bmi270_init
<LI><a href="#[85]">&gt;&gt;</a>&nbsp;&nbsp;&nbsp;Set_gyro
<LI><a href="#[86]">&gt;&gt;</a>&nbsp;&nbsp;&nbsp;Set_accel
</UL>
<BR>[Called By]<UL><LI><a href="#[d9]">&gt;&gt;</a>&nbsp;&nbsp;&nbsp;System_Init
</UL>

<P><STRONG><a name="[5]"></a>BusFault_Handler</STRONG> (Thumb, 2 bytes, Stack size 0 bytes, stm32f4xx_it.o(i.BusFault_Handler))
<BR><BR>[Calls]<UL><LI><a href="#[5]">&gt;&gt;</a>&nbsp;&nbsp;&nbsp;BusFault_Handler
</UL>
<BR>[Called By]<UL><LI><a href="#[5]">&gt;&gt;</a>&nbsp;&nbsp;&nbsp;BusFault_Handler
</UL>
<BR>[Address Reference Count : 1]<UL><LI> startup_stm32f40xx.o(RESET)
</UL>
<P><STRONG><a name="[87]"></a>CAN1_Init</STRONG> (Thumb, 212 bytes, Stack size 64 bytes, can1.o(i.CAN1_Init))
<BR><BR>[Stack]<UL><LI>Max Depth = 84<LI>Call Chain = CAN1_Init &rArr; GPIO_Init
</UL>
<BR>[Calls]<UL><LI><a href="#[89]">&gt;&gt;</a>&nbsp;&nbsp;&nbsp;RCC_APB1PeriphClockCmd
<LI><a href="#[88]">&gt;&gt;</a>&nbsp;&nbsp;&nbsp;RCC_AHB1PeriphClockCmd
<LI><a href="#[8c]">&gt;&gt;</a>&nbsp;&nbsp;&nbsp;NVIC_Init
<LI><a href="#[8b]">&gt;&gt;</a>&nbsp;&nbsp;&nbsp;GPIO_PinAFConfig
<LI><a href="#[8a]">&gt;&gt;</a>&nbsp;&nbsp;&nbsp;GPIO_Init
<LI><a href="#[8d]">&gt;&gt;</a>&nbsp;&nbsp;&nbsp;CAN_Init
<LI><a href="#[8f]">&gt;&gt;</a>&nbsp;&nbsp;&nbsp;CAN_ITConfig
<LI><a href="#[8e]">&gt;&gt;</a>&nbsp;&nbsp;&nbsp;CAN_FilterInit
</UL>
<BR>[Called By]<UL><LI><a href="#[d9]">&gt;&gt;</a>&nbsp;&nbsp;&nbsp;System_Init
</UL>

<P><STRONG><a name="[1f]"></a>CAN1_RX0_IRQHandler</STRONG> (Thumb, 288 bytes, Stack size 32 bytes, can1.o(i.CAN1_RX0_IRQHandler))
<BR><BR>[Stack]<UL><LI>Max Depth = 44<LI>Call Chain = CAN1_RX0_IRQHandler &rArr; CAN_ClearITPendingBit
</UL>
<BR>[Calls]<UL><LI><a href="#[92]">&gt;&gt;</a>&nbsp;&nbsp;&nbsp;CAN_Receive
<LI><a href="#[90]">&gt;&gt;</a>&nbsp;&nbsp;&nbsp;CAN_GetITStatus
<LI><a href="#[91]">&gt;&gt;</a>&nbsp;&nbsp;&nbsp;CAN_ClearITPendingBit
</UL>
<BR>[Address Reference Count : 1]<UL><LI> startup_stm32f40xx.o(RESET)
</UL>
<P><STRONG><a name="[93]"></a>CAN2_Init</STRONG> (Thumb, 270 bytes, Stack size 64 bytes, can2.o(i.CAN2_Init))
<BR><BR>[Stack]<UL><LI>Max Depth = 84<LI>Call Chain = CAN2_Init &rArr; GPIO_Init
</UL>
<BR>[Calls]<UL><LI><a href="#[95]">&gt;&gt;</a>&nbsp;&nbsp;&nbsp;CAN_StructInit
<LI><a href="#[94]">&gt;&gt;</a>&nbsp;&nbsp;&nbsp;CAN_DeInit
<LI><a href="#[89]">&gt;&gt;</a>&nbsp;&nbsp;&nbsp;RCC_APB1PeriphClockCmd
<LI><a href="#[88]">&gt;&gt;</a>&nbsp;&nbsp;&nbsp;RCC_AHB1PeriphClockCmd
<LI><a href="#[8c]">&gt;&gt;</a>&nbsp;&nbsp;&nbsp;NVIC_Init
<LI><a href="#[8b]">&gt;&gt;</a>&nbsp;&nbsp;&nbsp;GPIO_PinAFConfig
<LI><a href="#[8a]">&gt;&gt;</a>&nbsp;&nbsp;&nbsp;GPIO_Init
<LI><a href="#[8d]">&gt;&gt;</a>&nbsp;&nbsp;&nbsp;CAN_Init
<LI><a href="#[8f]">&gt;&gt;</a>&nbsp;&nbsp;&nbsp;CAN_ITConfig
<LI><a href="#[8e]">&gt;&gt;</a>&nbsp;&nbsp;&nbsp;CAN_FilterInit
</UL>
<BR>[Called By]<UL><LI><a href="#[d9]">&gt;&gt;</a>&nbsp;&nbsp;&nbsp;System_Init
</UL>

<P><STRONG><a name="[4b]"></a>CAN2_RX0_IRQHandler</STRONG> (Thumb, 342 bytes, Stack size 16 bytes, can2.o(i.CAN2_RX0_IRQHandler))
<BR><BR>[Stack]<UL><LI>Max Depth = 28<LI>Call Chain = CAN2_RX0_IRQHandler &rArr; CAN_ClearITPendingBit
</UL>
<BR>[Calls]<UL><LI><a href="#[92]">&gt;&gt;</a>&nbsp;&nbsp;&nbsp;CAN_Receive
<LI><a href="#[90]">&gt;&gt;</a>&nbsp;&nbsp;&nbsp;CAN_GetITStatus
<LI><a href="#[91]">&gt;&gt;</a>&nbsp;&nbsp;&nbsp;CAN_ClearITPendingBit
</UL>
<BR>[Address Reference Count : 1]<UL><LI> startup_stm32f40xx.o(RESET)
</UL>
<P><STRONG><a name="[96]"></a>CAN2_Send</STRONG> (Thumb, 76 bytes, Stack size 32 bytes, can2.o(i.CAN2_Send))
<BR><BR>[Stack]<UL><LI>Max Depth = 44<LI>Call Chain = CAN2_Send &rArr; CAN_Transmit
</UL>
<BR>[Calls]<UL><LI><a href="#[97]">&gt;&gt;</a>&nbsp;&nbsp;&nbsp;CAN_Transmit
</UL>
<BR>[Called By]<UL><LI><a href="#[d6]">&gt;&gt;</a>&nbsp;&nbsp;&nbsp;Stop
<LI><a href="#[c2]">&gt;&gt;</a>&nbsp;&nbsp;&nbsp;Loop
</UL>

<P><STRONG><a name="[4a]"></a>CAN2_TX_IRQHandler</STRONG> (Thumb, 30 bytes, Stack size 8 bytes, can2.o(i.CAN2_TX_IRQHandler))
<BR><BR>[Stack]<UL><LI>Max Depth = 20<LI>Call Chain = CAN2_TX_IRQHandler &rArr; CAN_ClearITPendingBit
</UL>
<BR>[Calls]<UL><LI><a href="#[90]">&gt;&gt;</a>&nbsp;&nbsp;&nbsp;CAN_GetITStatus
<LI><a href="#[91]">&gt;&gt;</a>&nbsp;&nbsp;&nbsp;CAN_ClearITPendingBit
</UL>
<BR>[Address Reference Count : 1]<UL><LI> startup_stm32f40xx.o(RESET)
</UL>
<P><STRONG><a name="[91]"></a>CAN_ClearITPendingBit</STRONG> (Thumb, 116 bytes, Stack size 12 bytes, stm32f4xx_can.o(i.CAN_ClearITPendingBit))
<BR><BR>[Stack]<UL><LI>Max Depth = 12<LI>Call Chain = CAN_ClearITPendingBit
</UL>
<BR>[Called By]<UL><LI><a href="#[4a]">&gt;&gt;</a>&nbsp;&nbsp;&nbsp;CAN2_TX_IRQHandler
<LI><a href="#[4b]">&gt;&gt;</a>&nbsp;&nbsp;&nbsp;CAN2_RX0_IRQHandler
<LI><a href="#[1f]">&gt;&gt;</a>&nbsp;&nbsp;&nbsp;CAN1_RX0_IRQHandler
</UL>

<P><STRONG><a name="[94]"></a>CAN_DeInit</STRONG> (Thumb, 38 bytes, Stack size 8 bytes, stm32f4xx_can.o(i.CAN_DeInit))
<BR><BR>[Stack]<UL><LI>Max Depth = 8<LI>Call Chain = CAN_DeInit
</UL>
<BR>[Calls]<UL><LI><a href="#[98]">&gt;&gt;</a>&nbsp;&nbsp;&nbsp;RCC_APB1PeriphResetCmd
</UL>
<BR>[Called By]<UL><LI><a href="#[93]">&gt;&gt;</a>&nbsp;&nbsp;&nbsp;CAN2_Init
</UL>

<P><STRONG><a name="[8e]"></a>CAN_FilterInit</STRONG> (Thumb, 194 bytes, Stack size 20 bytes, stm32f4xx_can.o(i.CAN_FilterInit))
<BR><BR>[Stack]<UL><LI>Max Depth = 20<LI>Call Chain = CAN_FilterInit
</UL>
<BR>[Called By]<UL><LI><a href="#[93]">&gt;&gt;</a>&nbsp;&nbsp;&nbsp;CAN2_Init
<LI><a href="#[87]">&gt;&gt;</a>&nbsp;&nbsp;&nbsp;CAN1_Init
</UL>

<P><STRONG><a name="[90]"></a>CAN_GetITStatus</STRONG> (Thumb, 162 bytes, Stack size 0 bytes, stm32f4xx_can.o(i.CAN_GetITStatus))
<BR><BR>[Calls]<UL><LI><a href="#[99]">&gt;&gt;</a>&nbsp;&nbsp;&nbsp;CheckITStatus
</UL>
<BR>[Called By]<UL><LI><a href="#[4a]">&gt;&gt;</a>&nbsp;&nbsp;&nbsp;CAN2_TX_IRQHandler
<LI><a href="#[4b]">&gt;&gt;</a>&nbsp;&nbsp;&nbsp;CAN2_RX0_IRQHandler
<LI><a href="#[1f]">&gt;&gt;</a>&nbsp;&nbsp;&nbsp;CAN1_RX0_IRQHandler
</UL>

<P><STRONG><a name="[8f]"></a>CAN_ITConfig</STRONG> (Thumb, 16 bytes, Stack size 0 bytes, stm32f4xx_can.o(i.CAN_ITConfig))
<BR><BR>[Called By]<UL><LI><a href="#[93]">&gt;&gt;</a>&nbsp;&nbsp;&nbsp;CAN2_Init
<LI><a href="#[87]">&gt;&gt;</a>&nbsp;&nbsp;&nbsp;CAN1_Init
</UL>

<P><STRONG><a name="[8d]"></a>CAN_Init</STRONG> (Thumb, 232 bytes, Stack size 8 bytes, stm32f4xx_can.o(i.CAN_Init))
<BR><BR>[Stack]<UL><LI>Max Depth = 8<LI>Call Chain = CAN_Init
</UL>
<BR>[Called By]<UL><LI><a href="#[93]">&gt;&gt;</a>&nbsp;&nbsp;&nbsp;CAN2_Init
<LI><a href="#[87]">&gt;&gt;</a>&nbsp;&nbsp;&nbsp;CAN1_Init
</UL>

<P><STRONG><a name="[92]"></a>CAN_Receive</STRONG> (Thumb, 144 bytes, Stack size 8 bytes, stm32f4xx_can.o(i.CAN_Receive))
<BR><BR>[Stack]<UL><LI>Max Depth = 8<LI>Call Chain = CAN_Receive
</UL>
<BR>[Called By]<UL><LI><a href="#[4b]">&gt;&gt;</a>&nbsp;&nbsp;&nbsp;CAN2_RX0_IRQHandler
<LI><a href="#[1f]">&gt;&gt;</a>&nbsp;&nbsp;&nbsp;CAN1_RX0_IRQHandler
</UL>

<P><STRONG><a name="[95]"></a>CAN_StructInit</STRONG> (Thumb, 32 bytes, Stack size 0 bytes, stm32f4xx_can.o(i.CAN_StructInit))
<BR><BR>[Called By]<UL><LI><a href="#[93]">&gt;&gt;</a>&nbsp;&nbsp;&nbsp;CAN2_Init
</UL>

<P><STRONG><a name="[97]"></a>CAN_Transmit</STRONG> (Thumb, 164 bytes, Stack size 12 bytes, stm32f4xx_can.o(i.CAN_Transmit))
<BR><BR>[Stack]<UL><LI>Max Depth = 12<LI>Call Chain = CAN_Transmit
</UL>
<BR>[Called By]<UL><LI><a href="#[96]">&gt;&gt;</a>&nbsp;&nbsp;&nbsp;CAN2_Send
</UL>

<P><STRONG><a name="[9a]"></a>Chassis_Data</STRONG> (Thumb, 22 bytes, Stack size 4 bytes, chassis.o(i.Chassis_Data))
<BR><BR>[Stack]<UL><LI>Max Depth = 12<LI>Call Chain = Chassis_Data &rArr; Get_Switch_Status
</UL>
<BR>[Calls]<UL><LI><a href="#[9c]">&gt;&gt;</a>&nbsp;&nbsp;&nbsp;Get_Switch_Status
<LI><a href="#[9b]">&gt;&gt;</a>&nbsp;&nbsp;&nbsp;Get_Position
</UL>
<BR>[Called By]<UL><LI><a href="#[9d]">&gt;&gt;</a>&nbsp;&nbsp;&nbsp;Chassis_task
</UL>

<P><STRONG><a name="[e0]"></a>Chassis_Init</STRONG> (Thumb, 50 bytes, Stack size 0 bytes, chassis.o(i.Chassis_Init))
<BR><BR>[Called By]<UL><LI><a href="#[d9]">&gt;&gt;</a>&nbsp;&nbsp;&nbsp;System_Init
</UL>

<P><STRONG><a name="[9d]"></a>Chassis_task</STRONG> (Thumb, 256 bytes, Stack size 24 bytes, chassis.o(i.Chassis_task))
<BR><BR>[Stack]<UL><LI>Max Depth = 36<LI>Call Chain = Chassis_task &rArr; Chassis_Data &rArr; Get_Switch_Status
</UL>
<BR>[Calls]<UL><LI><a href="#[9f]">&gt;&gt;</a>&nbsp;&nbsp;&nbsp;KalmanFilter
<LI><a href="#[9e]">&gt;&gt;</a>&nbsp;&nbsp;&nbsp;KalmanCreate
<LI><a href="#[a1]">&gt;&gt;</a>&nbsp;&nbsp;&nbsp;pid_calculate
<LI><a href="#[a0]">&gt;&gt;</a>&nbsp;&nbsp;&nbsp;Cruise_Normal
<LI><a href="#[9a]">&gt;&gt;</a>&nbsp;&nbsp;&nbsp;Chassis_Data
</UL>
<BR>[Called By]<UL><LI><a href="#[c2]">&gt;&gt;</a>&nbsp;&nbsp;&nbsp;Loop
</UL>

<P><STRONG><a name="[fe]"></a>Clear_Queue</STRONG> (Thumb, 48 bytes, Stack size 0 bytes, visual_process.o(i.Clear_Queue))
<BR><BR>[Called By]<UL><LI><a href="#[c3]">&gt;&gt;</a>&nbsp;&nbsp;&nbsp;Vision_task
</UL>

<P><STRONG><a name="[a0]"></a>Cruise_Normal</STRONG> (Thumb, 126 bytes, Stack size 8 bytes, chassis.o(i.Cruise_Normal))
<BR><BR>[Stack]<UL><LI>Max Depth = 8<LI>Call Chain = Cruise_Normal
</UL>
<BR>[Called By]<UL><LI><a href="#[9d]">&gt;&gt;</a>&nbsp;&nbsp;&nbsp;Chassis_task
</UL>

<P><STRONG><a name="[1b]"></a>DMA1_Stream5_IRQHandler</STRONG> (Thumb, 50 bytes, Stack size 16 bytes, usart2.o(i.DMA1_Stream5_IRQHandler))
<BR><BR>[Stack]<UL><LI>Max Depth = 36<LI>Call Chain = DMA1_Stream5_IRQHandler &rArr; Get_RC_Data
</UL>
<BR>[Calls]<UL><LI><a href="#[a2]">&gt;&gt;</a>&nbsp;&nbsp;&nbsp;DMA_GetITStatus
<LI><a href="#[a5]">&gt;&gt;</a>&nbsp;&nbsp;&nbsp;Get_RC_Data
<LI><a href="#[a4]">&gt;&gt;</a>&nbsp;&nbsp;&nbsp;DMA_ClearITPendingBit
<LI><a href="#[a3]">&gt;&gt;</a>&nbsp;&nbsp;&nbsp;DMA_ClearFlag
</UL>
<BR>[Address Reference Count : 1]<UL><LI> startup_stm32f40xx.o(RESET)
</UL>
<P><STRONG><a name="[a3]"></a>DMA_ClearFlag</STRONG> (Thumb, 32 bytes, Stack size 0 bytes, stm32f4xx_dma.o(i.DMA_ClearFlag))
<BR><BR>[Called By]<UL><LI><a href="#[1b]">&gt;&gt;</a>&nbsp;&nbsp;&nbsp;DMA1_Stream5_IRQHandler
<LI><a href="#[40]">&gt;&gt;</a>&nbsp;&nbsp;&nbsp;UART5_IRQHandler
<LI><a href="#[30]">&gt;&gt;</a>&nbsp;&nbsp;&nbsp;USART1_IRQHandler
</UL>

<P><STRONG><a name="[a4]"></a>DMA_ClearITPendingBit</STRONG> (Thumb, 32 bytes, Stack size 0 bytes, stm32f4xx_dma.o(i.DMA_ClearITPendingBit))
<BR><BR>[Called By]<UL><LI><a href="#[de]">&gt;&gt;</a>&nbsp;&nbsp;&nbsp;Vision_Init
<LI><a href="#[1b]">&gt;&gt;</a>&nbsp;&nbsp;&nbsp;DMA1_Stream5_IRQHandler
<LI><a href="#[40]">&gt;&gt;</a>&nbsp;&nbsp;&nbsp;UART5_IRQHandler
</UL>

<P><STRONG><a name="[c9]"></a>DMA_Cmd</STRONG> (Thumb, 20 bytes, Stack size 0 bytes, stm32f4xx_dma.o(i.DMA_Cmd))
<BR><BR>[Called By]<UL><LI><a href="#[dc]">&gt;&gt;</a>&nbsp;&nbsp;&nbsp;usart2_Init
<LI><a href="#[de]">&gt;&gt;</a>&nbsp;&nbsp;&nbsp;Vision_Init
<LI><a href="#[c5]">&gt;&gt;</a>&nbsp;&nbsp;&nbsp;MYDMA_ConfigPtoM
<LI><a href="#[40]">&gt;&gt;</a>&nbsp;&nbsp;&nbsp;UART5_IRQHandler
<LI><a href="#[30]">&gt;&gt;</a>&nbsp;&nbsp;&nbsp;USART1_IRQHandler
</UL>

<P><STRONG><a name="[c6]"></a>DMA_DeInit</STRONG> (Thumb, 272 bytes, Stack size 28 bytes, stm32f4xx_dma.o(i.DMA_DeInit))
<BR><BR>[Stack]<UL><LI>Max Depth = 28<LI>Call Chain = DMA_DeInit
</UL>
<BR>[Called By]<UL><LI><a href="#[dc]">&gt;&gt;</a>&nbsp;&nbsp;&nbsp;usart2_Init
<LI><a href="#[c5]">&gt;&gt;</a>&nbsp;&nbsp;&nbsp;MYDMA_ConfigPtoM
</UL>

<P><STRONG><a name="[c7]"></a>DMA_GetCmdStatus</STRONG> (Thumb, 14 bytes, Stack size 0 bytes, stm32f4xx_dma.o(i.DMA_GetCmdStatus))
<BR><BR>[Called By]<UL><LI><a href="#[c5]">&gt;&gt;</a>&nbsp;&nbsp;&nbsp;MYDMA_ConfigPtoM
</UL>

<P><STRONG><a name="[f5]"></a>DMA_GetCurrDataCounter</STRONG> (Thumb, 6 bytes, Stack size 0 bytes, stm32f4xx_dma.o(i.DMA_GetCurrDataCounter))
<BR><BR>[Called By]<UL><LI><a href="#[30]">&gt;&gt;</a>&nbsp;&nbsp;&nbsp;USART1_IRQHandler
</UL>

<P><STRONG><a name="[a2]"></a>DMA_GetITStatus</STRONG> (Thumb, 68 bytes, Stack size 12 bytes, stm32f4xx_dma.o(i.DMA_GetITStatus))
<BR><BR>[Stack]<UL><LI>Max Depth = 12<LI>Call Chain = DMA_GetITStatus
</UL>
<BR>[Called By]<UL><LI><a href="#[1b]">&gt;&gt;</a>&nbsp;&nbsp;&nbsp;DMA1_Stream5_IRQHandler
</UL>

<P><STRONG><a name="[17e]"></a>DMA_ITConfig</STRONG> (Thumb, 44 bytes, Stack size 0 bytes, stm32f4xx_dma.o(i.DMA_ITConfig))
<BR><BR>[Called By]<UL><LI><a href="#[dc]">&gt;&gt;</a>&nbsp;&nbsp;&nbsp;usart2_Init
</UL>

<P><STRONG><a name="[c8]"></a>DMA_Init</STRONG> (Thumb, 80 bytes, Stack size 12 bytes, stm32f4xx_dma.o(i.DMA_Init))
<BR><BR>[Stack]<UL><LI>Max Depth = 12<LI>Call Chain = DMA_Init
</UL>
<BR>[Called By]<UL><LI><a href="#[dc]">&gt;&gt;</a>&nbsp;&nbsp;&nbsp;usart2_Init
<LI><a href="#[de]">&gt;&gt;</a>&nbsp;&nbsp;&nbsp;Vision_Init
<LI><a href="#[c5]">&gt;&gt;</a>&nbsp;&nbsp;&nbsp;MYDMA_ConfigPtoM
</UL>

<P><STRONG><a name="[8]"></a>DebugMon_Handler</STRONG> (Thumb, 2 bytes, Stack size 0 bytes, stm32f4xx_it.o(i.DebugMon_Handler))
<BR>[Address Reference Count : 1]<UL><LI> startup_stm32f40xx.o(RESET)
</UL>
<P><STRONG><a name="[d7]"></a>Feeding_Bullet_PWM</STRONG> (Thumb, 18 bytes, Stack size 0 bytes, pwm.o(i.Feeding_Bullet_PWM))
<BR><BR>[Called By]<UL><LI><a href="#[d6]">&gt;&gt;</a>&nbsp;&nbsp;&nbsp;Stop
</UL>

<P><STRONG><a name="[8a]"></a>GPIO_Init</STRONG> (Thumb, 162 bytes, Stack size 20 bytes, stm32f4xx_gpio.o(i.GPIO_Init))
<BR><BR>[Stack]<UL><LI>Max Depth = 20<LI>Call Chain = GPIO_Init
</UL>
<BR>[Called By]<UL><LI><a href="#[dc]">&gt;&gt;</a>&nbsp;&nbsp;&nbsp;usart2_Init
<LI><a href="#[de]">&gt;&gt;</a>&nbsp;&nbsp;&nbsp;Vision_Init
<LI><a href="#[df]">&gt;&gt;</a>&nbsp;&nbsp;&nbsp;TIM1_Init
<LI><a href="#[ca]">&gt;&gt;</a>&nbsp;&nbsp;&nbsp;PWM3_Init
<LI><a href="#[c1]">&gt;&gt;</a>&nbsp;&nbsp;&nbsp;Led_Init
<LI><a href="#[c0]">&gt;&gt;</a>&nbsp;&nbsp;&nbsp;Laser_Init
<LI><a href="#[b8]">&gt;&gt;</a>&nbsp;&nbsp;&nbsp;IO_Init
<LI><a href="#[93]">&gt;&gt;</a>&nbsp;&nbsp;&nbsp;CAN2_Init
<LI><a href="#[87]">&gt;&gt;</a>&nbsp;&nbsp;&nbsp;CAN1_Init
<LI><a href="#[ef]">&gt;&gt;</a>&nbsp;&nbsp;&nbsp;UART5_Config
<LI><a href="#[13e]">&gt;&gt;</a>&nbsp;&nbsp;&nbsp;bmi2_user_i2c_init
</UL>

<P><STRONG><a name="[8b]"></a>GPIO_PinAFConfig</STRONG> (Thumb, 32 bytes, Stack size 8 bytes, stm32f4xx_gpio.o(i.GPIO_PinAFConfig))
<BR><BR>[Stack]<UL><LI>Max Depth = 8<LI>Call Chain = GPIO_PinAFConfig
</UL>
<BR>[Called By]<UL><LI><a href="#[dc]">&gt;&gt;</a>&nbsp;&nbsp;&nbsp;usart2_Init
<LI><a href="#[de]">&gt;&gt;</a>&nbsp;&nbsp;&nbsp;Vision_Init
<LI><a href="#[df]">&gt;&gt;</a>&nbsp;&nbsp;&nbsp;TIM1_Init
<LI><a href="#[ca]">&gt;&gt;</a>&nbsp;&nbsp;&nbsp;PWM3_Init
<LI><a href="#[93]">&gt;&gt;</a>&nbsp;&nbsp;&nbsp;CAN2_Init
<LI><a href="#[87]">&gt;&gt;</a>&nbsp;&nbsp;&nbsp;CAN1_Init
<LI><a href="#[ef]">&gt;&gt;</a>&nbsp;&nbsp;&nbsp;UART5_Config
</UL>

<P><STRONG><a name="[be]"></a>GPIO_ResetBits</STRONG> (Thumb, 4 bytes, Stack size 0 bytes, stm32f4xx_gpio.o(i.GPIO_ResetBits))
<BR><BR>[Called By]<UL><LI><a href="#[5d]">&gt;&gt;</a>&nbsp;&nbsp;&nbsp;main
<LI><a href="#[d6]">&gt;&gt;</a>&nbsp;&nbsp;&nbsp;Stop
<LI><a href="#[bd]">&gt;&gt;</a>&nbsp;&nbsp;&nbsp;LED_Flicker
</UL>

<P><STRONG><a name="[bf]"></a>GPIO_SetBits</STRONG> (Thumb, 4 bytes, Stack size 0 bytes, stm32f4xx_gpio.o(i.GPIO_SetBits))
<BR><BR>[Called By]<UL><LI><a href="#[5d]">&gt;&gt;</a>&nbsp;&nbsp;&nbsp;main
<LI><a href="#[c1]">&gt;&gt;</a>&nbsp;&nbsp;&nbsp;Led_Init
<LI><a href="#[c0]">&gt;&gt;</a>&nbsp;&nbsp;&nbsp;Laser_Init
<LI><a href="#[d6]">&gt;&gt;</a>&nbsp;&nbsp;&nbsp;Stop
<LI><a href="#[bd]">&gt;&gt;</a>&nbsp;&nbsp;&nbsp;LED_Flicker
</UL>

<P><STRONG><a name="[fc]"></a>Get_CRC16_Check_Sum</STRONG> (Thumb, 38 bytes, Stack size 8 bytes, judge.o(i.Get_CRC16_Check_Sum))
<BR><BR>[Stack]<UL><LI>Max Depth = 8<LI>Call Chain = Get_CRC16_Check_Sum
</UL>
<BR>[Called By]<UL><LI><a href="#[bb]">&gt;&gt;</a>&nbsp;&nbsp;&nbsp;Verify_CRC16_Check_Sum
</UL>

<P><STRONG><a name="[fd]"></a>Get_CRC8_Check_Sum</STRONG> (Thumb, 24 bytes, Stack size 8 bytes, judge.o(i.Get_CRC8_Check_Sum))
<BR><BR>[Stack]<UL><LI>Max Depth = 8<LI>Call Chain = Get_CRC8_Check_Sum
</UL>
<BR>[Called By]<UL><LI><a href="#[ba]">&gt;&gt;</a>&nbsp;&nbsp;&nbsp;Verify_CRC8_Check_Sum
</UL>

<P><STRONG><a name="[100]"></a>Get_Diff</STRONG> (Thumb, 112 bytes, Stack size 0 bytes, visual_process.o(i.Get_Diff))
<BR><BR>[Called By]<UL><LI><a href="#[c3]">&gt;&gt;</a>&nbsp;&nbsp;&nbsp;Vision_task
</UL>

<P><STRONG><a name="[9b]"></a>Get_Position</STRONG> (Thumb, 28 bytes, Stack size 0 bytes, chassis.o(i.Get_Position))
<BR><BR>[Called By]<UL><LI><a href="#[9a]">&gt;&gt;</a>&nbsp;&nbsp;&nbsp;Chassis_Data
</UL>

<P><STRONG><a name="[a5]"></a>Get_RC_Data</STRONG> (Thumb, 262 bytes, Stack size 20 bytes, usart2.o(i.Get_RC_Data))
<BR><BR>[Stack]<UL><LI>Max Depth = 20<LI>Call Chain = Get_RC_Data
</UL>
<BR>[Called By]<UL><LI><a href="#[1b]">&gt;&gt;</a>&nbsp;&nbsp;&nbsp;DMA1_Stream5_IRQHandler
</UL>

<P><STRONG><a name="[9c]"></a>Get_Switch_Status</STRONG> (Thumb, 40 bytes, Stack size 8 bytes, chassis.o(i.Get_Switch_Status))
<BR><BR>[Stack]<UL><LI>Max Depth = 8<LI>Call Chain = Get_Switch_Status
</UL>
<BR>[Called By]<UL><LI><a href="#[9a]">&gt;&gt;</a>&nbsp;&nbsp;&nbsp;Chassis_Data
</UL>

<P><STRONG><a name="[a6]"></a>GimbalMode_Switch</STRONG> (Thumb, 118 bytes, Stack size 8 bytes, gimbal.o(i.GimbalMode_Switch))
<BR><BR>[Stack]<UL><LI>Max Depth = 8<LI>Call Chain = GimbalMode_Switch
</UL>
<BR>[Calls]<UL><LI><a href="#[a7]">&gt;&gt;</a>&nbsp;&nbsp;&nbsp;pid_clear
</UL>
<BR>[Called By]<UL><LI><a href="#[ae]">&gt;&gt;</a>&nbsp;&nbsp;&nbsp;Gimbal_task
</UL>

<P><STRONG><a name="[e1]"></a>Gimbal_Init</STRONG> (Thumb, 172 bytes, Stack size 0 bytes, gimbal.o(i.Gimbal_Init))
<BR><BR>[Called By]<UL><LI><a href="#[d9]">&gt;&gt;</a>&nbsp;&nbsp;&nbsp;System_Init
</UL>

<P><STRONG><a name="[a8]"></a>Gimbal_Measure_Data</STRONG> (Thumb, 126 bytes, Stack size 8 bytes, gimbal.o(i.Gimbal_Measure_Data))
<BR><BR>[Stack]<UL><LI>Max Depth = 8<LI>Call Chain = Gimbal_Measure_Data
</UL>
<BR>[Calls]<UL><LI><a href="#[aa]">&gt;&gt;</a>&nbsp;&nbsp;&nbsp;arm_sin_f32
<LI><a href="#[a9]">&gt;&gt;</a>&nbsp;&nbsp;&nbsp;arm_cos_f32
</UL>
<BR>[Called By]<UL><LI><a href="#[ae]">&gt;&gt;</a>&nbsp;&nbsp;&nbsp;Gimbal_task
</UL>

<P><STRONG><a name="[ab]"></a>Gimbal_Remote_Data</STRONG> (Thumb, 472 bytes, Stack size 24 bytes, gimbal.o(i.Gimbal_Remote_Data))
<BR><BR>[Stack]<UL><LI>Max Depth = 24<LI>Call Chain = Gimbal_Remote_Data
</UL>
<BR>[Calls]<UL><LI><a href="#[9f]">&gt;&gt;</a>&nbsp;&nbsp;&nbsp;KalmanFilter
<LI><a href="#[9e]">&gt;&gt;</a>&nbsp;&nbsp;&nbsp;KalmanCreate
</UL>
<BR>[Called By]<UL><LI><a href="#[ae]">&gt;&gt;</a>&nbsp;&nbsp;&nbsp;Gimbal_task
</UL>

<P><STRONG><a name="[ac]"></a>Gimbal_line</STRONG> (Thumb, 48 bytes, Stack size 8 bytes, gimbal.o(i.Gimbal_line))
<BR><BR>[Stack]<UL><LI>Max Depth = 8<LI>Call Chain = Gimbal_line
</UL>
<BR>[Calls]<UL><LI><a href="#[ad]">&gt;&gt;</a>&nbsp;&nbsp;&nbsp;constrain
</UL>
<BR>[Called By]<UL><LI><a href="#[ae]">&gt;&gt;</a>&nbsp;&nbsp;&nbsp;Gimbal_task
</UL>

<P><STRONG><a name="[ae]"></a>Gimbal_task</STRONG> (Thumb, 266 bytes, Stack size 24 bytes, gimbal.o(i.Gimbal_task))
<BR><BR>[Stack]<UL><LI>Max Depth = 48<LI>Call Chain = Gimbal_task &rArr; Gimbal_Remote_Data
</UL>
<BR>[Calls]<UL><LI><a href="#[ac]">&gt;&gt;</a>&nbsp;&nbsp;&nbsp;Gimbal_line
<LI><a href="#[ab]">&gt;&gt;</a>&nbsp;&nbsp;&nbsp;Gimbal_Remote_Data
<LI><a href="#[a8]">&gt;&gt;</a>&nbsp;&nbsp;&nbsp;Gimbal_Measure_Data
<LI><a href="#[a6]">&gt;&gt;</a>&nbsp;&nbsp;&nbsp;GimbalMode_Switch
<LI><a href="#[a1]">&gt;&gt;</a>&nbsp;&nbsp;&nbsp;pid_calculate
<LI><a href="#[af]">&gt;&gt;</a>&nbsp;&nbsp;&nbsp;RampFloat
</UL>
<BR>[Called By]<UL><LI><a href="#[c2]">&gt;&gt;</a>&nbsp;&nbsp;&nbsp;Loop
</UL>

<P><STRONG><a name="[3]"></a>HardFault_Handler</STRONG> (Thumb, 2 bytes, Stack size 0 bytes, stm32f4xx_it.o(i.HardFault_Handler))
<BR><BR>[Calls]<UL><LI><a href="#[3]">&gt;&gt;</a>&nbsp;&nbsp;&nbsp;HardFault_Handler
</UL>
<BR>[Called By]<UL><LI><a href="#[3]">&gt;&gt;</a>&nbsp;&nbsp;&nbsp;HardFault_Handler
</UL>
<BR>[Address Reference Count : 1]<UL><LI> startup_stm32f40xx.o(RESET)
</UL>
<P><STRONG><a name="[b0]"></a>IIC_Ack</STRONG> (Thumb, 56 bytes, Stack size 16 bytes, myiic.o(i.IIC_Ack))
<BR><BR>[Stack]<UL><LI>Max Depth = 36<LI>Call Chain = IIC_Ack &rArr; delay_us &rArr; micros
</UL>
<BR>[Calls]<UL><LI><a href="#[b1]">&gt;&gt;</a>&nbsp;&nbsp;&nbsp;delay_us
</UL>
<BR>[Called By]<UL><LI><a href="#[b3]">&gt;&gt;</a>&nbsp;&nbsp;&nbsp;IIC_Read_Byte
</UL>

<P><STRONG><a name="[b2]"></a>IIC_NAck</STRONG> (Thumb, 56 bytes, Stack size 16 bytes, myiic.o(i.IIC_NAck))
<BR><BR>[Stack]<UL><LI>Max Depth = 36<LI>Call Chain = IIC_NAck &rArr; delay_us &rArr; micros
</UL>
<BR>[Calls]<UL><LI><a href="#[b1]">&gt;&gt;</a>&nbsp;&nbsp;&nbsp;delay_us
</UL>
<BR>[Called By]<UL><LI><a href="#[b3]">&gt;&gt;</a>&nbsp;&nbsp;&nbsp;IIC_Read_Byte
</UL>

<P><STRONG><a name="[b3]"></a>IIC_Read_Byte</STRONG> (Thumb, 96 bytes, Stack size 32 bytes, myiic.o(i.IIC_Read_Byte))
<BR><BR>[Stack]<UL><LI>Max Depth = 68<LI>Call Chain = IIC_Read_Byte &rArr; IIC_NAck &rArr; delay_us &rArr; micros
</UL>
<BR>[Calls]<UL><LI><a href="#[b1]">&gt;&gt;</a>&nbsp;&nbsp;&nbsp;delay_us
<LI><a href="#[b2]">&gt;&gt;</a>&nbsp;&nbsp;&nbsp;IIC_NAck
<LI><a href="#[b0]">&gt;&gt;</a>&nbsp;&nbsp;&nbsp;IIC_Ack
</UL>
<BR>[Called By]<UL><LI><a href="#[78]">&gt;&gt;</a>&nbsp;&nbsp;&nbsp;MPU_Read_all
<LI><a href="#[c4]">&gt;&gt;</a>&nbsp;&nbsp;&nbsp;MPU_Read_Byte
</UL>

<P><STRONG><a name="[b4]"></a>IIC_Send_Byte</STRONG> (Thumb, 86 bytes, Stack size 24 bytes, myiic.o(i.IIC_Send_Byte))
<BR><BR>[Stack]<UL><LI>Max Depth = 44<LI>Call Chain = IIC_Send_Byte &rArr; delay_us &rArr; micros
</UL>
<BR>[Calls]<UL><LI><a href="#[b1]">&gt;&gt;</a>&nbsp;&nbsp;&nbsp;delay_us
</UL>
<BR>[Called By]<UL><LI><a href="#[78]">&gt;&gt;</a>&nbsp;&nbsp;&nbsp;MPU_Read_all
<LI><a href="#[c4]">&gt;&gt;</a>&nbsp;&nbsp;&nbsp;MPU_Read_Byte
<LI><a href="#[62]">&gt;&gt;</a>&nbsp;&nbsp;&nbsp;user_i2c_reg_write
</UL>

<P><STRONG><a name="[b5]"></a>IIC_Start</STRONG> (Thumb, 56 bytes, Stack size 16 bytes, myiic.o(i.IIC_Start))
<BR><BR>[Stack]<UL><LI>Max Depth = 36<LI>Call Chain = IIC_Start &rArr; delay_us &rArr; micros
</UL>
<BR>[Calls]<UL><LI><a href="#[b1]">&gt;&gt;</a>&nbsp;&nbsp;&nbsp;delay_us
</UL>
<BR>[Called By]<UL><LI><a href="#[78]">&gt;&gt;</a>&nbsp;&nbsp;&nbsp;MPU_Read_all
<LI><a href="#[c4]">&gt;&gt;</a>&nbsp;&nbsp;&nbsp;MPU_Read_Byte
<LI><a href="#[62]">&gt;&gt;</a>&nbsp;&nbsp;&nbsp;user_i2c_reg_write
</UL>

<P><STRONG><a name="[b6]"></a>IIC_Stop</STRONG> (Thumb, 58 bytes, Stack size 8 bytes, myiic.o(i.IIC_Stop))
<BR><BR>[Stack]<UL><LI>Max Depth = 28<LI>Call Chain = IIC_Stop &rArr; delay_us &rArr; micros
</UL>
<BR>[Calls]<UL><LI><a href="#[b1]">&gt;&gt;</a>&nbsp;&nbsp;&nbsp;delay_us
</UL>
<BR>[Called By]<UL><LI><a href="#[b7]">&gt;&gt;</a>&nbsp;&nbsp;&nbsp;IIC_Wait_Ack
<LI><a href="#[78]">&gt;&gt;</a>&nbsp;&nbsp;&nbsp;MPU_Read_all
<LI><a href="#[c4]">&gt;&gt;</a>&nbsp;&nbsp;&nbsp;MPU_Read_Byte
<LI><a href="#[62]">&gt;&gt;</a>&nbsp;&nbsp;&nbsp;user_i2c_reg_write
</UL>

<P><STRONG><a name="[b7]"></a>IIC_Wait_Ack</STRONG> (Thumb, 74 bytes, Stack size 16 bytes, myiic.o(i.IIC_Wait_Ack))
<BR><BR>[Stack]<UL><LI>Max Depth = 44<LI>Call Chain = IIC_Wait_Ack &rArr; IIC_Stop &rArr; delay_us &rArr; micros
</UL>
<BR>[Calls]<UL><LI><a href="#[b1]">&gt;&gt;</a>&nbsp;&nbsp;&nbsp;delay_us
<LI><a href="#[b6]">&gt;&gt;</a>&nbsp;&nbsp;&nbsp;IIC_Stop
</UL>
<BR>[Called By]<UL><LI><a href="#[78]">&gt;&gt;</a>&nbsp;&nbsp;&nbsp;MPU_Read_all
<LI><a href="#[c4]">&gt;&gt;</a>&nbsp;&nbsp;&nbsp;MPU_Read_Byte
<LI><a href="#[62]">&gt;&gt;</a>&nbsp;&nbsp;&nbsp;user_i2c_reg_write
</UL>

<P><STRONG><a name="[b8]"></a>IO_Init</STRONG> (Thumb, 58 bytes, Stack size 16 bytes, io.o(i.IO_Init))
<BR><BR>[Stack]<UL><LI>Max Depth = 36<LI>Call Chain = IO_Init &rArr; GPIO_Init
</UL>
<BR>[Calls]<UL><LI><a href="#[88]">&gt;&gt;</a>&nbsp;&nbsp;&nbsp;RCC_AHB1PeriphClockCmd
<LI><a href="#[8a]">&gt;&gt;</a>&nbsp;&nbsp;&nbsp;GPIO_Init
</UL>
<BR>[Called By]<UL><LI><a href="#[d9]">&gt;&gt;</a>&nbsp;&nbsp;&nbsp;System_Init
</UL>

<P><STRONG><a name="[b9]"></a>Judge_Data_Receive</STRONG> (Thumb, 156 bytes, Stack size 16 bytes, judge.o(i.Judge_Data_Receive))
<BR><BR>[Stack]<UL><LI>Max Depth = 36 + In Cycle
<LI>Call Chain = Judge_Data_Receive &rArr;  Judge_Data_Receive (Cycle)
</UL>
<BR>[Calls]<UL><LI><a href="#[ba]">&gt;&gt;</a>&nbsp;&nbsp;&nbsp;Verify_CRC8_Check_Sum
<LI><a href="#[bb]">&gt;&gt;</a>&nbsp;&nbsp;&nbsp;Verify_CRC16_Check_Sum
<LI><a href="#[b9]">&gt;&gt;</a>&nbsp;&nbsp;&nbsp;Judge_Data_Receive
<LI><a href="#[bc]">&gt;&gt;</a>&nbsp;&nbsp;&nbsp;__aeabi_memcpy
</UL>
<BR>[Called By]<UL><LI><a href="#[40]">&gt;&gt;</a>&nbsp;&nbsp;&nbsp;UART5_IRQHandler
<LI><a href="#[b9]">&gt;&gt;</a>&nbsp;&nbsp;&nbsp;Judge_Data_Receive
</UL>

<P><STRONG><a name="[9e]"></a>KalmanCreate</STRONG> (Thumb, 42 bytes, Stack size 0 bytes, kalman.o(i.KalmanCreate))
<BR><BR>[Called By]<UL><LI><a href="#[ab]">&gt;&gt;</a>&nbsp;&nbsp;&nbsp;Gimbal_Remote_Data
<LI><a href="#[e3]">&gt;&gt;</a>&nbsp;&nbsp;&nbsp;Vision_Kalman_Init
<LI><a href="#[9d]">&gt;&gt;</a>&nbsp;&nbsp;&nbsp;Chassis_task
</UL>

<P><STRONG><a name="[9f]"></a>KalmanFilter</STRONG> (Thumb, 90 bytes, Stack size 0 bytes, kalman.o(i.KalmanFilter))
<BR><BR>[Called By]<UL><LI><a href="#[ab]">&gt;&gt;</a>&nbsp;&nbsp;&nbsp;Gimbal_Remote_Data
<LI><a href="#[c3]">&gt;&gt;</a>&nbsp;&nbsp;&nbsp;Vision_task
<LI><a href="#[9d]">&gt;&gt;</a>&nbsp;&nbsp;&nbsp;Chassis_task
</UL>

<P><STRONG><a name="[bd]"></a>LED_Flicker</STRONG> (Thumb, 84 bytes, Stack size 24 bytes, system.o(i.LED_Flicker))
<BR><BR>[Stack]<UL><LI>Max Depth = 24<LI>Call Chain = LED_Flicker
</UL>
<BR>[Calls]<UL><LI><a href="#[bf]">&gt;&gt;</a>&nbsp;&nbsp;&nbsp;GPIO_SetBits
<LI><a href="#[be]">&gt;&gt;</a>&nbsp;&nbsp;&nbsp;GPIO_ResetBits
</UL>
<BR>[Called By]<UL><LI><a href="#[c2]">&gt;&gt;</a>&nbsp;&nbsp;&nbsp;Loop
</UL>

<P><STRONG><a name="[c0]"></a>Laser_Init</STRONG> (Thumb, 58 bytes, Stack size 24 bytes, laser.o(i.Laser_Init))
<BR><BR>[Stack]<UL><LI>Max Depth = 44<LI>Call Chain = Laser_Init &rArr; GPIO_Init
</UL>
<BR>[Calls]<UL><LI><a href="#[bf]">&gt;&gt;</a>&nbsp;&nbsp;&nbsp;GPIO_SetBits
<LI><a href="#[88]">&gt;&gt;</a>&nbsp;&nbsp;&nbsp;RCC_AHB1PeriphClockCmd
<LI><a href="#[8a]">&gt;&gt;</a>&nbsp;&nbsp;&nbsp;GPIO_Init
</UL>
<BR>[Called By]<UL><LI><a href="#[d9]">&gt;&gt;</a>&nbsp;&nbsp;&nbsp;System_Init
</UL>

<P><STRONG><a name="[e2]"></a>Launcher_Init</STRONG> (Thumb, 98 bytes, Stack size 0 bytes, launcher.o(i.Launcher_Init))
<BR><BR>[Called By]<UL><LI><a href="#[d9]">&gt;&gt;</a>&nbsp;&nbsp;&nbsp;System_Init
</UL>

<P><STRONG><a name="[c1]"></a>Led_Init</STRONG> (Thumb, 82 bytes, Stack size 16 bytes, led.o(i.Led_Init))
<BR><BR>[Stack]<UL><LI>Max Depth = 36<LI>Call Chain = Led_Init &rArr; GPIO_Init
</UL>
<BR>[Calls]<UL><LI><a href="#[bf]">&gt;&gt;</a>&nbsp;&nbsp;&nbsp;GPIO_SetBits
<LI><a href="#[88]">&gt;&gt;</a>&nbsp;&nbsp;&nbsp;RCC_AHB1PeriphClockCmd
<LI><a href="#[8a]">&gt;&gt;</a>&nbsp;&nbsp;&nbsp;GPIO_Init
</UL>
<BR>[Called By]<UL><LI><a href="#[d9]">&gt;&gt;</a>&nbsp;&nbsp;&nbsp;System_Init
</UL>

<P><STRONG><a name="[c2]"></a>Loop</STRONG> (Thumb, 172 bytes, Stack size 40 bytes, system.o(i.Loop))
<BR><BR>[Stack]<UL><LI>Max Depth = 320<LI>Call Chain = Loop &rArr; BMI_Get_data &rArr; __hardfp_atan2 &rArr; atan &rArr; __hardfp_atan &rArr; __kernel_poly &rArr; __aeabi_dmul &rArr; _double_epilogue &rArr; _double_round
</UL>
<BR>[Calls]<UL><LI><a href="#[c3]">&gt;&gt;</a>&nbsp;&nbsp;&nbsp;Vision_task
<LI><a href="#[ae]">&gt;&gt;</a>&nbsp;&nbsp;&nbsp;Gimbal_task
<LI><a href="#[9d]">&gt;&gt;</a>&nbsp;&nbsp;&nbsp;Chassis_task
<LI><a href="#[96]">&gt;&gt;</a>&nbsp;&nbsp;&nbsp;CAN2_Send
<LI><a href="#[79]">&gt;&gt;</a>&nbsp;&nbsp;&nbsp;BMI_Get_data
<LI><a href="#[77]">&gt;&gt;</a>&nbsp;&nbsp;&nbsp;BMI_GET_DATA
<LI><a href="#[bd]">&gt;&gt;</a>&nbsp;&nbsp;&nbsp;LED_Flicker
</UL>
<BR>[Called By]<UL><LI><a href="#[5d]">&gt;&gt;</a>&nbsp;&nbsp;&nbsp;main
</UL>

<P><STRONG><a name="[c4]"></a>MPU_Read_Byte</STRONG> (Thumb, 72 bytes, Stack size 16 bytes, bmi2_common.o(i.MPU_Read_Byte))
<BR><BR>[Stack]<UL><LI>Max Depth = 84<LI>Call Chain = MPU_Read_Byte &rArr; IIC_Read_Byte &rArr; IIC_NAck &rArr; delay_us &rArr; micros
</UL>
<BR>[Calls]<UL><LI><a href="#[b7]">&gt;&gt;</a>&nbsp;&nbsp;&nbsp;IIC_Wait_Ack
<LI><a href="#[b6]">&gt;&gt;</a>&nbsp;&nbsp;&nbsp;IIC_Stop
<LI><a href="#[b5]">&gt;&gt;</a>&nbsp;&nbsp;&nbsp;IIC_Start
<LI><a href="#[b4]">&gt;&gt;</a>&nbsp;&nbsp;&nbsp;IIC_Send_Byte
<LI><a href="#[b3]">&gt;&gt;</a>&nbsp;&nbsp;&nbsp;IIC_Read_Byte
</UL>
<BR>[Called By]<UL><LI><a href="#[61]">&gt;&gt;</a>&nbsp;&nbsp;&nbsp;user_i2c_reg_read
</UL>

<P><STRONG><a name="[78]"></a>MPU_Read_all</STRONG> (Thumb, 92 bytes, Stack size 24 bytes, bmi2_common.o(i.MPU_Read_all))
<BR><BR>[Stack]<UL><LI>Max Depth = 92<LI>Call Chain = MPU_Read_all &rArr; IIC_Read_Byte &rArr; IIC_NAck &rArr; delay_us &rArr; micros
</UL>
<BR>[Calls]<UL><LI><a href="#[b7]">&gt;&gt;</a>&nbsp;&nbsp;&nbsp;IIC_Wait_Ack
<LI><a href="#[b6]">&gt;&gt;</a>&nbsp;&nbsp;&nbsp;IIC_Stop
<LI><a href="#[b5]">&gt;&gt;</a>&nbsp;&nbsp;&nbsp;IIC_Start
<LI><a href="#[b4]">&gt;&gt;</a>&nbsp;&nbsp;&nbsp;IIC_Send_Byte
<LI><a href="#[b3]">&gt;&gt;</a>&nbsp;&nbsp;&nbsp;IIC_Read_Byte
</UL>
<BR>[Called By]<UL><LI><a href="#[77]">&gt;&gt;</a>&nbsp;&nbsp;&nbsp;BMI_GET_DATA
</UL>

<P><STRONG><a name="[c5]"></a>MYDMA_ConfigPtoM</STRONG> (Thumb, 116 bytes, Stack size 72 bytes, usart5.o(i.MYDMA_ConfigPtoM))
<BR><BR>[Stack]<UL><LI>Max Depth = 100<LI>Call Chain = MYDMA_ConfigPtoM &rArr; DMA_DeInit
</UL>
<BR>[Calls]<UL><LI><a href="#[c7]">&gt;&gt;</a>&nbsp;&nbsp;&nbsp;DMA_GetCmdStatus
<LI><a href="#[c8]">&gt;&gt;</a>&nbsp;&nbsp;&nbsp;DMA_Init
<LI><a href="#[c6]">&gt;&gt;</a>&nbsp;&nbsp;&nbsp;DMA_DeInit
<LI><a href="#[88]">&gt;&gt;</a>&nbsp;&nbsp;&nbsp;RCC_AHB1PeriphClockCmd
<LI><a href="#[c9]">&gt;&gt;</a>&nbsp;&nbsp;&nbsp;DMA_Cmd
</UL>
<BR>[Called By]<UL><LI><a href="#[dd]">&gt;&gt;</a>&nbsp;&nbsp;&nbsp;USART5_Init
</UL>

<P><STRONG><a name="[4]"></a>MemManage_Handler</STRONG> (Thumb, 2 bytes, Stack size 0 bytes, stm32f4xx_it.o(i.MemManage_Handler))
<BR><BR>[Calls]<UL><LI><a href="#[4]">&gt;&gt;</a>&nbsp;&nbsp;&nbsp;MemManage_Handler
</UL>
<BR>[Called By]<UL><LI><a href="#[4]">&gt;&gt;</a>&nbsp;&nbsp;&nbsp;MemManage_Handler
</UL>
<BR>[Address Reference Count : 1]<UL><LI> startup_stm32f40xx.o(RESET)
</UL>
<P><STRONG><a name="[2]"></a>NMI_Handler</STRONG> (Thumb, 2 bytes, Stack size 0 bytes, stm32f4xx_it.o(i.NMI_Handler))
<BR>[Address Reference Count : 1]<UL><LI> startup_stm32f40xx.o(RESET)
</UL>
<P><STRONG><a name="[8c]"></a>NVIC_Init</STRONG> (Thumb, 96 bytes, Stack size 12 bytes, misc.o(i.NVIC_Init))
<BR><BR>[Stack]<UL><LI>Max Depth = 12<LI>Call Chain = NVIC_Init
</UL>
<BR>[Called By]<UL><LI><a href="#[dc]">&gt;&gt;</a>&nbsp;&nbsp;&nbsp;usart2_Init
<LI><a href="#[de]">&gt;&gt;</a>&nbsp;&nbsp;&nbsp;Vision_Init
<LI><a href="#[93]">&gt;&gt;</a>&nbsp;&nbsp;&nbsp;CAN2_Init
<LI><a href="#[87]">&gt;&gt;</a>&nbsp;&nbsp;&nbsp;CAN1_Init
<LI><a href="#[ef]">&gt;&gt;</a>&nbsp;&nbsp;&nbsp;UART5_Config
</UL>

<P><STRONG><a name="[ca]"></a>PWM3_Init</STRONG> (Thumb, 208 bytes, Stack size 56 bytes, pwm.o(i.PWM3_Init))
<BR><BR>[Stack]<UL><LI>Max Depth = 76<LI>Call Chain = PWM3_Init &rArr; GPIO_Init
</UL>
<BR>[Calls]<UL><LI><a href="#[cb]">&gt;&gt;</a>&nbsp;&nbsp;&nbsp;TIM_TimeBaseInit
<LI><a href="#[cf]">&gt;&gt;</a>&nbsp;&nbsp;&nbsp;TIM_OC2PreloadConfig
<LI><a href="#[ce]">&gt;&gt;</a>&nbsp;&nbsp;&nbsp;TIM_OC2Init
<LI><a href="#[cd]">&gt;&gt;</a>&nbsp;&nbsp;&nbsp;TIM_OC1PreloadConfig
<LI><a href="#[cc]">&gt;&gt;</a>&nbsp;&nbsp;&nbsp;TIM_OC1Init
<LI><a href="#[d1]">&gt;&gt;</a>&nbsp;&nbsp;&nbsp;TIM_CtrlPWMOutputs
<LI><a href="#[d2]">&gt;&gt;</a>&nbsp;&nbsp;&nbsp;TIM_Cmd
<LI><a href="#[d0]">&gt;&gt;</a>&nbsp;&nbsp;&nbsp;TIM_ARRPreloadConfig
<LI><a href="#[89]">&gt;&gt;</a>&nbsp;&nbsp;&nbsp;RCC_APB1PeriphClockCmd
<LI><a href="#[88]">&gt;&gt;</a>&nbsp;&nbsp;&nbsp;RCC_AHB1PeriphClockCmd
<LI><a href="#[8b]">&gt;&gt;</a>&nbsp;&nbsp;&nbsp;GPIO_PinAFConfig
<LI><a href="#[8a]">&gt;&gt;</a>&nbsp;&nbsp;&nbsp;GPIO_Init
</UL>
<BR>[Called By]<UL><LI><a href="#[d9]">&gt;&gt;</a>&nbsp;&nbsp;&nbsp;System_Init
</UL>

<P><STRONG><a name="[9]"></a>PendSV_Handler</STRONG> (Thumb, 2 bytes, Stack size 0 bytes, stm32f4xx_it.o(i.PendSV_Handler))
<BR>[Address Reference Count : 1]<UL><LI> startup_stm32f40xx.o(RESET)
</UL>
<P><STRONG><a name="[88]"></a>RCC_AHB1PeriphClockCmd</STRONG> (Thumb, 18 bytes, Stack size 0 bytes, stm32f4xx_rcc.o(i.RCC_AHB1PeriphClockCmd))
<BR><BR>[Called By]<UL><LI><a href="#[dc]">&gt;&gt;</a>&nbsp;&nbsp;&nbsp;usart2_Init
<LI><a href="#[de]">&gt;&gt;</a>&nbsp;&nbsp;&nbsp;Vision_Init
<LI><a href="#[df]">&gt;&gt;</a>&nbsp;&nbsp;&nbsp;TIM1_Init
<LI><a href="#[ca]">&gt;&gt;</a>&nbsp;&nbsp;&nbsp;PWM3_Init
<LI><a href="#[c1]">&gt;&gt;</a>&nbsp;&nbsp;&nbsp;Led_Init
<LI><a href="#[c0]">&gt;&gt;</a>&nbsp;&nbsp;&nbsp;Laser_Init
<LI><a href="#[b8]">&gt;&gt;</a>&nbsp;&nbsp;&nbsp;IO_Init
<LI><a href="#[93]">&gt;&gt;</a>&nbsp;&nbsp;&nbsp;CAN2_Init
<LI><a href="#[87]">&gt;&gt;</a>&nbsp;&nbsp;&nbsp;CAN1_Init
<LI><a href="#[ef]">&gt;&gt;</a>&nbsp;&nbsp;&nbsp;UART5_Config
<LI><a href="#[c5]">&gt;&gt;</a>&nbsp;&nbsp;&nbsp;MYDMA_ConfigPtoM
<LI><a href="#[13e]">&gt;&gt;</a>&nbsp;&nbsp;&nbsp;bmi2_user_i2c_init
</UL>

<P><STRONG><a name="[89]"></a>RCC_APB1PeriphClockCmd</STRONG> (Thumb, 18 bytes, Stack size 0 bytes, stm32f4xx_rcc.o(i.RCC_APB1PeriphClockCmd))
<BR><BR>[Called By]<UL><LI><a href="#[dc]">&gt;&gt;</a>&nbsp;&nbsp;&nbsp;usart2_Init
<LI><a href="#[ca]">&gt;&gt;</a>&nbsp;&nbsp;&nbsp;PWM3_Init
<LI><a href="#[93]">&gt;&gt;</a>&nbsp;&nbsp;&nbsp;CAN2_Init
<LI><a href="#[87]">&gt;&gt;</a>&nbsp;&nbsp;&nbsp;CAN1_Init
<LI><a href="#[ef]">&gt;&gt;</a>&nbsp;&nbsp;&nbsp;UART5_Config
</UL>

<P><STRONG><a name="[98]"></a>RCC_APB1PeriphResetCmd</STRONG> (Thumb, 18 bytes, Stack size 0 bytes, stm32f4xx_rcc.o(i.RCC_APB1PeriphResetCmd))
<BR><BR>[Called By]<UL><LI><a href="#[f9]">&gt;&gt;</a>&nbsp;&nbsp;&nbsp;USART_DeInit
<LI><a href="#[94]">&gt;&gt;</a>&nbsp;&nbsp;&nbsp;CAN_DeInit
</UL>

<P><STRONG><a name="[e4]"></a>RCC_APB2PeriphClockCmd</STRONG> (Thumb, 18 bytes, Stack size 0 bytes, stm32f4xx_rcc.o(i.RCC_APB2PeriphClockCmd))
<BR><BR>[Called By]<UL><LI><a href="#[de]">&gt;&gt;</a>&nbsp;&nbsp;&nbsp;Vision_Init
<LI><a href="#[df]">&gt;&gt;</a>&nbsp;&nbsp;&nbsp;TIM1_Init
</UL>

<P><STRONG><a name="[fa]"></a>RCC_APB2PeriphResetCmd</STRONG> (Thumb, 18 bytes, Stack size 0 bytes, stm32f4xx_rcc.o(i.RCC_APB2PeriphResetCmd))
<BR><BR>[Called By]<UL><LI><a href="#[f9]">&gt;&gt;</a>&nbsp;&nbsp;&nbsp;USART_DeInit
</UL>

<P><STRONG><a name="[fb]"></a>RCC_GetClocksFreq</STRONG> (Thumb, 132 bytes, Stack size 16 bytes, stm32f4xx_rcc.o(i.RCC_GetClocksFreq))
<BR><BR>[Stack]<UL><LI>Max Depth = 16<LI>Call Chain = RCC_GetClocksFreq
</UL>
<BR>[Called By]<UL><LI><a href="#[da]">&gt;&gt;</a>&nbsp;&nbsp;&nbsp;cycleCounterInit
<LI><a href="#[f0]">&gt;&gt;</a>&nbsp;&nbsp;&nbsp;USART_Init
</UL>

<P><STRONG><a name="[af]"></a>RampFloat</STRONG> (Thumb, 76 bytes, Stack size 0 bytes, system.o(i.RampFloat))
<BR><BR>[Called By]<UL><LI><a href="#[ae]">&gt;&gt;</a>&nbsp;&nbsp;&nbsp;Gimbal_task
</UL>

<P><STRONG><a name="[7]"></a>SVC_Handler</STRONG> (Thumb, 2 bytes, Stack size 0 bytes, stm32f4xx_it.o(i.SVC_Handler))
<BR>[Address Reference Count : 1]<UL><LI> startup_stm32f40xx.o(RESET)
</UL>
<P><STRONG><a name="[86]"></a>Set_accel</STRONG> (Thumb, 84 bytes, Stack size 72 bytes, bmi.o(i.Set_accel))
<BR><BR>[Stack]<UL><LI>Max Depth = 300<LI>Call Chain = Set_accel &rArr; bmi2_get_sensor_config &rArr; get_step_count_params_config &rArr; bmi2_get_feat_config &rArr; bmi2_get_regs &rArr; malloc
</UL>
<BR>[Calls]<UL><LI><a href="#[d5]">&gt;&gt;</a>&nbsp;&nbsp;&nbsp;bmi2_set_sensor_config
<LI><a href="#[d4]">&gt;&gt;</a>&nbsp;&nbsp;&nbsp;bmi2_map_data_int
<LI><a href="#[d3]">&gt;&gt;</a>&nbsp;&nbsp;&nbsp;bmi2_get_sensor_config
<LI><a href="#[82]">&gt;&gt;</a>&nbsp;&nbsp;&nbsp;bmi2_error_codes_print_result
</UL>
<BR>[Called By]<UL><LI><a href="#[80]">&gt;&gt;</a>&nbsp;&nbsp;&nbsp;BMI_Init
</UL>

<P><STRONG><a name="[85]"></a>Set_gyro</STRONG> (Thumb, 88 bytes, Stack size 72 bytes, bmi.o(i.Set_gyro))
<BR><BR>[Stack]<UL><LI>Max Depth = 300<LI>Call Chain = Set_gyro &rArr; bmi2_get_sensor_config &rArr; get_step_count_params_config &rArr; bmi2_get_feat_config &rArr; bmi2_get_regs &rArr; malloc
</UL>
<BR>[Calls]<UL><LI><a href="#[d5]">&gt;&gt;</a>&nbsp;&nbsp;&nbsp;bmi2_set_sensor_config
<LI><a href="#[d4]">&gt;&gt;</a>&nbsp;&nbsp;&nbsp;bmi2_map_data_int
<LI><a href="#[d3]">&gt;&gt;</a>&nbsp;&nbsp;&nbsp;bmi2_get_sensor_config
<LI><a href="#[82]">&gt;&gt;</a>&nbsp;&nbsp;&nbsp;bmi2_error_codes_print_result
</UL>
<BR>[Called By]<UL><LI><a href="#[80]">&gt;&gt;</a>&nbsp;&nbsp;&nbsp;BMI_Init
</UL>

<P><STRONG><a name="[d6]"></a>Stop</STRONG> (Thumb, 76 bytes, Stack size 16 bytes, system.o(i.Stop))
<BR><BR>[Stack]<UL><LI>Max Depth = 60<LI>Call Chain = Stop &rArr; CAN2_Send &rArr; CAN_Transmit
</UL>
<BR>[Calls]<UL><LI><a href="#[bf]">&gt;&gt;</a>&nbsp;&nbsp;&nbsp;GPIO_SetBits
<LI><a href="#[be]">&gt;&gt;</a>&nbsp;&nbsp;&nbsp;GPIO_ResetBits
<LI><a href="#[d7]">&gt;&gt;</a>&nbsp;&nbsp;&nbsp;Feeding_Bullet_PWM
<LI><a href="#[96]">&gt;&gt;</a>&nbsp;&nbsp;&nbsp;CAN2_Send
</UL>
<BR>[Called By]<UL><LI><a href="#[5d]">&gt;&gt;</a>&nbsp;&nbsp;&nbsp;main
</UL>

<P><STRONG><a name="[a]"></a>SysTick_Handler</STRONG> (Thumb, 30 bytes, Stack size 0 bytes, stm32f4xx_it.o(i.SysTick_Handler))
<BR>[Address Reference Count : 1]<UL><LI> startup_stm32f40xx.o(RESET)
</UL>
[...]
</UL>
<BR>[Calls]<UL><LI><a href="#[113]">&gt;&gt;</a>&nbsp;&nbsp;&nbsp;bmi2_set_regs
<LI><a href="#[112]">&gt;&gt;</a>&nbsp;&nbsp;&nbsp;bmi2_get_feat_config
<LI><a href="#[131]">&gt;&gt;</a>&nbsp;&nbsp;&nbsp;bmi2_extract_input_feat_config
</UL>
<BR>[Called By]<UL><LI><a href="#[d5]">&gt;&gt;</a>&nbsp;&nbsp;&nbsp;bmi2_set_sensor_config
</UL>

<P><STRONG><a name="[170]"></a>set_low_g</STRONG> (Thumb, 90 bytes, Stack size 32 bytes, bmi2.o(i.set_low_g))
<BR><BR>[Stack]<UL><LI>Max Depth = 132<LI>Call Chain = set_low_g &rArr; bmi2_get_feat_config &rArr; bmi2_get_regs &rArr; malloc
</UL>
<BR>[Calls]<UL><LI><a href="#[113]">&gt;&gt;</a>&nbsp;&nbsp;&nbsp;bmi2_set_regs
<LI><a href="#[112]">&gt;&gt;</a>&nbsp;&nbsp;&nbsp;bmi2_get_feat_config
<LI><a href="#[131]">&gt;&gt;</a>&nbsp;&nbsp;&nbsp;bmi2_extract_input_feat_config
</UL>
<BR>[Called By]<UL><LI><a href="#[141]">&gt;&gt;</a>&nbsp;&nbsp;&nbsp;sensor_enable
</UL>

<P><STRONG><a name="[151]"></a>set_low_g_config</STRONG> (Thumb, 186 bytes, Stack size 40 bytes, bmi2.o(i.set_low_g_config))
<BR><BR>[Stack]<UL><LI>Max Depth = 140<LI>Call Chain = set_low_g_config &rArr; bmi2_get_feat_config &rArr; bmi2_get_regs &rArr; malloc
</UL>
<BR>[Calls]<UL><LI><a href="#[113]">&gt;&gt;</a>&nbsp;&nbsp;&nbsp;bmi2_set_regs
<LI><a href="#[112]">&gt;&gt;</a>&nbsp;&nbsp;&nbsp;bmi2_get_feat_config
<LI><a href="#[131]">&gt;&gt;</a>&nbsp;&nbsp;&nbsp;bmi2_extract_input_feat_config
</UL>
<BR>[Called By]<UL><LI><a href="#[d5]">&gt;&gt;</a>&nbsp;&nbsp;&nbsp;bmi2_set_sensor_config
</UL>

<P><STRONG><a name="[162]"></a>set_no_motion</STRONG> (Thumb, 90 bytes, Stack size 32 bytes, bmi2.o(i.set_no_motion))
<BR><BR>[Stack]<UL><LI>Max Depth = 132<LI>Call Chain = set_no_motion &rArr; bmi2_get_feat_config &rArr; bmi2_get_regs &rArr; malloc
</UL>
<BR>[Calls]<UL><LI><a href="#[113]">&gt;&gt;</a>&nbsp;&nbsp;&nbsp;bmi2_set_regs
<LI><a href="#[112]">&gt;&gt;</a>&nbsp;&nbsp;&nbsp;bmi2_get_feat_config
<LI><a href="#[131]">&gt;&gt;</a>&nbsp;&nbsp;&nbsp;bmi2_extract_input_feat_config
</UL>
<BR>[Called By]<UL><LI><a href="#[141]">&gt;&gt;</a>&nbsp;&nbsp;&nbsp;sensor_enable
</UL>

<P><STRONG><a name="[146]"></a>set_no_motion_config</STRONG> (Thumb, 198 bytes, Stack size 40 bytes, bmi2.o(i.set_no_motion_config))
<BR><BR>[Stack]<UL><LI>Max Depth = 140<LI>Call Chain = set_no_motion_config &rArr; bmi2_get_feat_config &rArr; bmi2_get_regs &rArr; malloc
</UL>
<BR>[Calls]<UL><LI><a href="#[113]">&gt;&gt;</a>&nbsp;&nbsp;&nbsp;bmi2_set_regs
<LI><a href="#[112]">&gt;&gt;</a>&nbsp;&nbsp;&nbsp;bmi2_get_feat_config
<LI><a href="#[131]">&gt;&gt;</a>&nbsp;&nbsp;&nbsp;bmi2_extract_input_feat_config
</UL>
<BR>[Called By]<UL><LI><a href="#[d5]">&gt;&gt;</a>&nbsp;&nbsp;&nbsp;bmi2_set_sensor_config
</UL>

<P><STRONG><a name="[14f]"></a>set_orient_config</STRONG> (Thumb, 198 bytes, Stack size 40 bytes, bmi2.o(i.set_orient_config))
<BR><BR>[Stack]<UL><LI>Max Depth = 140<LI>Call Chain = set_orient_config &rArr; bmi2_get_feat_config &rArr; bmi2_get_regs &rArr; malloc
</UL>
<BR>[Calls]<UL><LI><a href="#[113]">&gt;&gt;</a>&nbsp;&nbsp;&nbsp;bmi2_set_regs
<LI><a href="#[112]">&gt;&gt;</a>&nbsp;&nbsp;&nbsp;bmi2_get_feat_config
<LI><a href="#[131]">&gt;&gt;</a>&nbsp;&nbsp;&nbsp;bmi2_extract_input_feat_config
</UL>
<BR>[Called By]<UL><LI><a href="#[d5]">&gt;&gt;</a>&nbsp;&nbsp;&nbsp;bmi2_set_sensor_config
</UL>

<P><STRONG><a name="[16e]"></a>set_orientation</STRONG> (Thumb, 86 bytes, Stack size 32 bytes, bmi2.o(i.set_orientation))
<BR><BR>[Stack]<UL><LI>Max Depth = 132<LI>Call Chain = set_orientation &rArr; bmi2_get_feat_config &rArr; bmi2_get_regs &rArr; malloc
</UL>
<BR>[Calls]<UL><LI><a href="#[113]">&gt;&gt;</a>&nbsp;&nbsp;&nbsp;bmi2_set_regs
<LI><a href="#[112]">&gt;&gt;</a>&nbsp;&nbsp;&nbsp;bmi2_get_feat_config
<LI><a href="#[131]">&gt;&gt;</a>&nbsp;&nbsp;&nbsp;bmi2_extract_input_feat_config
</UL>
<BR>[Called By]<UL><LI><a href="#[141]">&gt;&gt;</a>&nbsp;&nbsp;&nbsp;sensor_enable
</UL>

<P><STRONG><a name="[158]"></a>set_primary_ois_config</STRONG> (Thumb, 158 bytes, Stack size 40 bytes, bmi2.o(i.set_primary_ois_config))
<BR><BR>[Stack]<UL><LI>Max Depth = 140<LI>Call Chain = set_primary_ois_config &rArr; bmi2_get_feat_config &rArr; bmi2_get_regs &rArr; malloc
</UL>
<BR>[Calls]<UL><LI><a href="#[113]">&gt;&gt;</a>&nbsp;&nbsp;&nbsp;bmi2_set_regs
<LI><a href="#[112]">&gt;&gt;</a>&nbsp;&nbsp;&nbsp;bmi2_get_feat_config
<LI><a href="#[131]">&gt;&gt;</a>&nbsp;&nbsp;&nbsp;bmi2_extract_input_feat_config
</UL>
<BR>[Called By]<UL><LI><a href="#[d5]">&gt;&gt;</a>&nbsp;&nbsp;&nbsp;bmi2_set_sensor_config
</UL>

<P><STRONG><a name="[160]"></a>set_sig_motion</STRONG> (Thumb, 90 bytes, Stack size 32 bytes, bmi2.o(i.set_sig_motion))
<BR><BR>[Stack]<UL><LI>Max Depth = 132<LI>Call Chain = set_sig_motion &rArr; bmi2_get_feat_config &rArr; bmi2_get_regs &rArr; malloc
</UL>
<BR>[Calls]<UL><LI><a href="#[113]">&gt;&gt;</a>&nbsp;&nbsp;&nbsp;bmi2_set_regs
<LI><a href="#[112]">&gt;&gt;</a>&nbsp;&nbsp;&nbsp;bmi2_get_feat_config
<LI><a href="#[131]">&gt;&gt;</a>&nbsp;&nbsp;&nbsp;bmi2_extract_input_feat_config
</UL>
<BR>[Called By]<UL><LI><a href="#[141]">&gt;&gt;</a>&nbsp;&nbsp;&nbsp;sensor_enable
</UL>

<P><STRONG><a name="[147]"></a>set_sig_motion_config</STRONG> (Thumb, 190 bytes, Stack size 40 bytes, bmi2.o(i.set_sig_motion_config))
<BR><BR>[Stack]<UL><LI>Max Depth = 140<LI>Call Chain = set_sig_motion_config &rArr; bmi2_get_feat_config &rArr; bmi2_get_regs &rArr; malloc
</UL>
<BR>[Calls]<UL><LI><a href="#[113]">&gt;&gt;</a>&nbsp;&nbsp;&nbsp;bmi2_set_regs
<LI><a href="#[112]">&gt;&gt;</a>&nbsp;&nbsp;&nbsp;bmi2_get_feat_config
<LI><a href="#[131]">&gt;&gt;</a>&nbsp;&nbsp;&nbsp;bmi2_extract_input_feat_config
</UL>
<BR>[Called By]<UL><LI><a href="#[d5]">&gt;&gt;</a>&nbsp;&nbsp;&nbsp;bmi2_set_sensor_config
</UL>

<P><STRONG><a name="[16b]"></a>set_single_tap</STRONG> (Thumb, 86 bytes, Stack size 32 bytes, bmi2.o(i.set_single_tap))
<BR><BR>[Stack]<UL><LI>Max Depth = 132<LI>Call Chain = set_single_tap &rArr; bmi2_get_feat_config &rArr; bmi2_get_regs &rArr; malloc
</UL>
<BR>[Calls]<UL><LI><a href="#[113]">&gt;&gt;</a>&nbsp;&nbsp;&nbsp;bmi2_set_regs
<LI><a href="#[112]">&gt;&gt;</a>&nbsp;&nbsp;&nbsp;bmi2_get_feat_config
<LI><a href="#[131]">&gt;&gt;</a>&nbsp;&nbsp;&nbsp;bmi2_extract_input_feat_config
</UL>
<BR>[Called By]<UL><LI><a href="#[141]">&gt;&gt;</a>&nbsp;&nbsp;&nbsp;sensor_enable
</UL>

<P><STRONG><a name="[165]"></a>set_step_activity</STRONG> (Thumb, 90 bytes, Stack size 32 bytes, bmi2.o(i.set_step_activity))
<BR><BR>[Stack]<UL><LI>Max Depth = 132<LI>Call Chain = set_step_activity &rArr; bmi2_get_feat_config &rArr; bmi2_get_regs &rArr; malloc
</UL>
<BR>[Calls]<UL><LI><a href="#[113]">&gt;&gt;</a>&nbsp;&nbsp;&nbsp;bmi2_set_regs
<LI><a href="#[112]">&gt;&gt;</a>&nbsp;&nbsp;&nbsp;bmi2_get_feat_config
<LI><a href="#[131]">&gt;&gt;</a>&nbsp;&nbsp;&nbsp;bmi2_extract_input_feat_config
</UL>
<BR>[Called By]<UL><LI><a href="#[141]">&gt;&gt;</a>&nbsp;&nbsp;&nbsp;sensor_enable
</UL>

<P><STRONG><a name="[149]"></a>set_step_config</STRONG> (Thumb, 192 bytes, Stack size 40 bytes, bmi2.o(i.set_step_config))
<BR><BR>[Stack]<UL><LI>Max Depth = 140<LI>Call Chain = set_step_config &rArr; bmi2_get_feat_config &rArr; bmi2_get_regs &rArr; malloc
</UL>
<BR>[Calls]<UL><LI><a href="#[113]">&gt;&gt;</a>&nbsp;&nbsp;&nbsp;bmi2_set_regs
<LI><a href="#[112]">&gt;&gt;</a>&nbsp;&nbsp;&nbsp;bmi2_get_feat_config
<LI><a href="#[131]">&gt;&gt;</a>&nbsp;&nbsp;&nbsp;bmi2_extract_input_feat_config
</UL>
<BR>[Called By]<UL><LI><a href="#[d5]">&gt;&gt;</a>&nbsp;&nbsp;&nbsp;bmi2_set_sensor_config
</UL>

<P><STRONG><a name="[148]"></a>set_step_count_params_config</STRONG> (Thumb, 212 bytes, Stack size 72 bytes, bmi2.o(i.set_step_count_params_config))
<BR><BR>[Stack]<UL><LI>Max Depth = 172<LI>Call Chain = set_step_count_params_config &rArr; bmi2_get_feat_config &rArr; bmi2_get_regs &rArr; malloc
</UL>
<BR>[Calls]<UL><LI><a href="#[113]">&gt;&gt;</a>&nbsp;&nbsp;&nbsp;bmi2_set_regs
<LI><a href="#[112]">&gt;&gt;</a>&nbsp;&nbsp;&nbsp;bmi2_get_feat_config
<LI><a href="#[131]">&gt;&gt;</a>&nbsp;&nbsp;&nbsp;bmi2_extract_input_feat_config
</UL>
<BR>[Called By]<UL><LI><a href="#[d5]">&gt;&gt;</a>&nbsp;&nbsp;&nbsp;bmi2_set_sensor_config
</UL>

<P><STRONG><a name="[164]"></a>set_step_counter</STRONG> (Thumb, 90 bytes, Stack size 32 bytes, bmi2.o(i.set_step_counter))
<BR><BR>[Stack]<UL><LI>Max Depth = 132<LI>Call Chain = set_step_counter &rArr; bmi2_get_feat_config &rArr; bmi2_get_regs &rArr; malloc
</UL>
<BR>[Calls]<UL><LI><a href="#[113]">&gt;&gt;</a>&nbsp;&nbsp;&nbsp;bmi2_set_regs
<LI><a href="#[112]">&gt;&gt;</a>&nbsp;&nbsp;&nbsp;bmi2_get_feat_config
<LI><a href="#[131]">&gt;&gt;</a>&nbsp;&nbsp;&nbsp;bmi2_extract_input_feat_config
</UL>
<BR>[Called By]<UL><LI><a href="#[141]">&gt;&gt;</a>&nbsp;&nbsp;&nbsp;sensor_enable
</UL>

<P><STRONG><a name="[163]"></a>set_step_detector</STRONG> (Thumb, 90 bytes, Stack size 32 bytes, bmi2.o(i.set_step_detector))
<BR><BR>[Stack]<UL><LI>Max Depth = 132<LI>Call Chain = set_step_detector &rArr; bmi2_get_feat_config &rArr; bmi2_get_regs &rArr; malloc
</UL>
<BR>[Calls]<UL><LI><a href="#[113]">&gt;&gt;</a>&nbsp;&nbsp;&nbsp;bmi2_set_regs
<LI><a href="#[112]">&gt;&gt;</a>&nbsp;&nbsp;&nbsp;bmi2_get_feat_config
<LI><a href="#[131]">&gt;&gt;</a>&nbsp;&nbsp;&nbsp;bmi2_extract_input_feat_config
</UL>
<BR>[Called By]<UL><LI><a href="#[141]">&gt;&gt;</a>&nbsp;&nbsp;&nbsp;sensor_enable
</UL>

<P><STRONG><a name="[167]"></a>set_tilt</STRONG> (Thumb, 86 bytes, Stack size 32 bytes, bmi2.o(i.set_tilt))
<BR><BR>[Stack]<UL><LI>Max Depth = 132<LI>Call Chain = set_tilt &rArr; bmi2_get_feat_config &rArr; bmi2_get_regs &rArr; malloc
</UL>
<BR>[Calls]<UL><LI><a href="#[113]">&gt;&gt;</a>&nbsp;&nbsp;&nbsp;bmi2_set_regs
<LI><a href="#[112]">&gt;&gt;</a>&nbsp;&nbsp;&nbsp;bmi2_get_feat_config
<LI><a href="#[131]">&gt;&gt;</a>&nbsp;&nbsp;&nbsp;bmi2_extract_input_feat_config
</UL>
<BR>[Called By]<UL><LI><a href="#[141]">&gt;&gt;</a>&nbsp;&nbsp;&nbsp;sensor_enable
</UL>

<P><STRONG><a name="[14b]"></a>set_tilt_config</STRONG> (Thumb, 142 bytes, Stack size 40 bytes, bmi2.o(i.set_tilt_config))
<BR><BR>[Stack]<UL><LI>Max Depth = 140<LI>Call Chain = set_tilt_config &rArr; bmi2_get_feat_config &rArr; bmi2_get_regs &rArr; malloc
</UL>
<BR>[Calls]<UL><LI><a href="#[113]">&gt;&gt;</a>&nbsp;&nbsp;&nbsp;bmi2_set_regs
<LI><a href="#[112]">&gt;&gt;</a>&nbsp;&nbsp;&nbsp;bmi2_get_feat_config
<LI><a href="#[131]">&gt;&gt;</a>&nbsp;&nbsp;&nbsp;bmi2_extract_input_feat_config
</UL>
<BR>[Called By]<UL><LI><a href="#[d5]">&gt;&gt;</a>&nbsp;&nbsp;&nbsp;bmi2_set_sensor_config
</UL>

<P><STRONG><a name="[16d]"></a>set_triple_tap</STRONG> (Thumb, 86 bytes, Stack size 32 bytes, bmi2.o(i.set_triple_tap))
<BR><BR>[Stack]<UL><LI>Max Depth = 132<LI>Call Chain = set_triple_tap &rArr; bmi2_get_feat_config &rArr; bmi2_get_regs &rArr; malloc
</UL>
<BR>[Calls]<UL><LI><a href="#[113]">&gt;&gt;</a>&nbsp;&nbsp;&nbsp;bmi2_set_regs
<LI><a href="#[112]">&gt;&gt;</a>&nbsp;&nbsp;&nbsp;bmi2_get_feat_config
<LI><a href="#[131]">&gt;&gt;</a>&nbsp;&nbsp;&nbsp;bmi2_extract_input_feat_config
</UL>
<BR>[Called By]<UL><LI><a href="#[141]">&gt;&gt;</a>&nbsp;&nbsp;&nbsp;sensor_enable
</UL>

<P><STRONG><a name="[168]"></a>set_up_hold_to_wake</STRONG> (Thumb, 86 bytes, Stack size 32 bytes, bmi2.o(i.set_up_hold_to_wake))
<BR><BR>[Stack]<UL><LI>Max Depth = 132<LI>Call Chain = set_up_hold_to_wake &rArr; bmi2_get_feat_config &rArr; bmi2_get_regs &rArr; malloc
</UL>
<BR>[Calls]<UL><LI><a href="#[113]">&gt;&gt;</a>&nbsp;&nbsp;&nbsp;bmi2_set_regs
<LI><a href="#[112]">&gt;&gt;</a>&nbsp;&nbsp;&nbsp;bmi2_get_feat_config
<LI><a href="#[131]">&gt;&gt;</a>&nbsp;&nbsp;&nbsp;bmi2_extract_input_feat_config
</UL>
<BR>[Called By]<UL><LI><a href="#[141]">&gt;&gt;</a>&nbsp;&nbsp;&nbsp;sensor_enable
</UL>

<P><STRONG><a name="[14c]"></a>set_up_hold_to_wake_config</STRONG> (Thumb, 142 bytes, Stack size 40 bytes, bmi2.o(i.set_up_hold_to_wake_config))
<BR><BR>[Stack]<UL><LI>Max Depth = 140<LI>Call Chain = set_up_hold_to_wake_config &rArr; bmi2_get_feat_config &rArr; bmi2_get_regs &rArr; malloc
</UL>
<BR>[Calls]<UL><LI><a href="#[113]">&gt;&gt;</a>&nbsp;&nbsp;&nbsp;bmi2_set_regs
<LI><a href="#[112]">&gt;&gt;</a>&nbsp;&nbsp;&nbsp;bmi2_get_feat_config
<LI><a href="#[131]">&gt;&gt;</a>&nbsp;&nbsp;&nbsp;bmi2_extract_input_feat_config
</UL>
<BR>[Called By]<UL><LI><a href="#[d5]">&gt;&gt;</a>&nbsp;&nbsp;&nbsp;bmi2_set_sensor_config
</UL>

<P><STRONG><a name="[16a]"></a>set_wake_up</STRONG> (Thumb, 86 bytes, Stack size 32 bytes, bmi2.o(i.set_wake_up))
<BR><BR>[Stack]<UL><LI>Max Depth = 132<LI>Call Chain = set_wake_up &rArr; bmi2_get_feat_config &rArr; bmi2_get_regs &rArr; malloc
</UL>
<BR>[Calls]<UL><LI><a href="#[113]">&gt;&gt;</a>&nbsp;&nbsp;&nbsp;bmi2_set_regs
<LI><a href="#[112]">&gt;&gt;</a>&nbsp;&nbsp;&nbsp;bmi2_get_feat_config
<LI><a href="#[131]">&gt;&gt;</a>&nbsp;&nbsp;&nbsp;bmi2_extract_input_feat_config
</UL>
<BR>[Called By]<UL><LI><a href="#[141]">&gt;&gt;</a>&nbsp;&nbsp;&nbsp;sensor_enable
</UL>

<P><STRONG><a name="[14e]"></a>set_wake_up_config</STRONG> (Thumb, 188 bytes, Stack size 48 bytes, bmi2.o(i.set_wake_up_config))
<BR><BR>[Stack]<UL><LI>Max Depth = 148<LI>Call Chain = set_wake_up_config &rArr; bmi2_get_feat_config &rArr; bmi2_get_regs &rArr; malloc
</UL>
<BR>[Calls]<UL><LI><a href="#[113]">&gt;&gt;</a>&nbsp;&nbsp;&nbsp;bmi2_set_regs
<LI><a href="#[112]">&gt;&gt;</a>&nbsp;&nbsp;&nbsp;bmi2_get_feat_config
<LI><a href="#[131]">&gt;&gt;</a>&nbsp;&nbsp;&nbsp;bmi2_extract_input_feat_config
</UL>
<BR>[Called By]<UL><LI><a href="#[d5]">&gt;&gt;</a>&nbsp;&nbsp;&nbsp;bmi2_set_sensor_config
</UL>

<P><STRONG><a name="[154]"></a>set_wrist_gest_config</STRONG> (Thumb, 182 bytes, Stack size 40 bytes, bmi2.o(i.set_wrist_gest_config))
<BR><BR>[Stack]<UL><LI>Max Depth = 140<LI>Call Chain = set_wrist_gest_config &rArr; bmi2_get_feat_config &rArr; bmi2_get_regs &rArr; malloc
</UL>
<BR>[Calls]<UL><LI><a href="#[113]">&gt;&gt;</a>&nbsp;&nbsp;&nbsp;bmi2_set_regs
<LI><a href="#[112]">&gt;&gt;</a>&nbsp;&nbsp;&nbsp;bmi2_get_feat_config
<LI><a href="#[131]">&gt;&gt;</a>&nbsp;&nbsp;&nbsp;bmi2_extract_input_feat_config
</UL>
<BR>[Called By]<UL><LI><a href="#[d5]">&gt;&gt;</a>&nbsp;&nbsp;&nbsp;bmi2_set_sensor_config
</UL>

<P><STRONG><a name="[156]"></a>set_wrist_gest_w_config</STRONG> (Thumb, 200 bytes, Stack size 40 bytes, bmi2.o(i.set_wrist_gest_w_config))
<BR><BR>[Stack]<UL><LI>Max Depth = 140<LI>Call Chain = set_wrist_gest_w_config &rArr; bmi2_get_feat_config &rArr; bmi2_get_regs &rArr; malloc
</UL>
<BR>[Calls]<UL><LI><a href="#[113]">&gt;&gt;</a>&nbsp;&nbsp;&nbsp;bmi2_set_regs
<LI><a href="#[112]">&gt;&gt;</a>&nbsp;&nbsp;&nbsp;bmi2_get_feat_config
<LI><a href="#[131]">&gt;&gt;</a>&nbsp;&nbsp;&nbsp;bmi2_extract_input_feat_config
</UL>
<BR>[Called By]<UL><LI><a href="#[d5]">&gt;&gt;</a>&nbsp;&nbsp;&nbsp;bmi2_set_sensor_config
</UL>

<P><STRONG><a name="[174]"></a>set_wrist_gesture</STRONG> (Thumb, 86 bytes, Stack size 32 bytes, bmi2.o(i.set_wrist_gesture))
<BR><BR>[Stack]<UL><LI>Max Depth = 132<LI>Call Chain = set_wrist_gesture &rArr; bmi2_get_feat_config &rArr; bmi2_get_regs &rArr; malloc
</UL>
<BR>[Calls]<UL><LI><a href="#[113]">&gt;&gt;</a>&nbsp;&nbsp;&nbsp;bmi2_set_regs
<LI><a href="#[112]">&gt;&gt;</a>&nbsp;&nbsp;&nbsp;bmi2_get_feat_config
<LI><a href="#[131]">&gt;&gt;</a>&nbsp;&nbsp;&nbsp;bmi2_extract_input_feat_config
</UL>
<BR>[Called By]<UL><LI><a href="#[141]">&gt;&gt;</a>&nbsp;&nbsp;&nbsp;sensor_enable
</UL>

<P><STRONG><a name="[176]"></a>set_wrist_gesture_wh</STRONG> (Thumb, 86 bytes, Stack size 32 bytes, bmi2.o(i.set_wrist_gesture_wh))
<BR><BR>[Stack]<UL><LI>Max Depth = 132<LI>Call Chain = set_wrist_gesture_wh &rArr; bmi2_get_feat_config &rArr; bmi2_get_regs &rArr; malloc
</UL>
<BR>[Calls]<UL><LI><a href="#[113]">&gt;&gt;</a>&nbsp;&nbsp;&nbsp;bmi2_set_regs
<LI><a href="#[112]">&gt;&gt;</a>&nbsp;&nbsp;&nbsp;bmi2_get_feat_config
<LI><a href="#[131]">&gt;&gt;</a>&nbsp;&nbsp;&nbsp;bmi2_extract_input_feat_config
</UL>
<BR>[Called By]<UL><LI><a href="#[141]">&gt;&gt;</a>&nbsp;&nbsp;&nbsp;sensor_enable
</UL>

<P><STRONG><a name="[175]"></a>set_wrist_wear_wake_up</STRONG> (Thumb, 86 bytes, Stack size 32 bytes, bmi2.o(i.set_wrist_wear_wake_up))
<BR><BR>[Stack]<UL><LI>Max Depth = 132<LI>Call Chain = set_wrist_wear_wake_up &rArr; bmi2_get_feat_config &rArr; bmi2_get_regs &rArr; malloc
</UL>
<BR>[Calls]<UL><LI><a href="#[113]">&gt;&gt;</a>&nbsp;&nbsp;&nbsp;bmi2_set_regs
<LI><a href="#[112]">&gt;&gt;</a>&nbsp;&nbsp;&nbsp;bmi2_get_feat_config
<LI><a href="#[131]">&gt;&gt;</a>&nbsp;&nbsp;&nbsp;bmi2_extract_input_feat_config
</UL>
<BR>[Called By]<UL><LI><a href="#[141]">&gt;&gt;</a>&nbsp;&nbsp;&nbsp;sensor_enable
</UL>

<P><STRONG><a name="[155]"></a>set_wrist_wear_wake_up_config</STRONG> (Thumb, 200 bytes, Stack size 40 bytes, bmi2.o(i.set_wrist_wear_wake_up_config))
<BR><BR>[Stack]<UL><LI>Max Depth = 140<LI>Call Chain = set_wrist_wear_wake_up_config &rArr; bmi2_get_feat_config &rArr; bmi2_get_regs &rArr; malloc
</UL>
<BR>[Calls]<UL><LI><a href="#[113]">&gt;&gt;</a>&nbsp;&nbsp;&nbsp;bmi2_set_regs
<LI><a href="#[112]">&gt;&gt;</a>&nbsp;&nbsp;&nbsp;bmi2_get_feat_config
<LI><a href="#[131]">&gt;&gt;</a>&nbsp;&nbsp;&nbsp;bmi2_extract_input_feat_config
</UL>
<BR>[Called By]<UL><LI><a href="#[d5]">&gt;&gt;</a>&nbsp;&nbsp;&nbsp;bmi2_set_sensor_config
</UL>

<P><STRONG><a name="[177]"></a>set_wrist_wear_wake_up_wh</STRONG> (Thumb, 86 bytes, Stack size 32 bytes, bmi2.o(i.set_wrist_wear_wake_up_wh))
<BR><BR>[Stack]<UL><LI>Max Depth = 132<LI>Call Chain = set_wrist_wear_wake_up_wh &rArr; bmi2_get_feat_config &rArr; bmi2_get_regs &rArr; malloc
</UL>
<BR>[Calls]<UL><LI><a href="#[113]">&gt;&gt;</a>&nbsp;&nbsp;&nbsp;bmi2_set_regs
<LI><a href="#[112]">&gt;&gt;</a>&nbsp;&nbsp;&nbsp;bmi2_get_feat_config
<LI><a href="#[131]">&gt;&gt;</a>&nbsp;&nbsp;&nbsp;bmi2_extract_input_feat_config
</UL>
<BR>[Called By]<UL><LI><a href="#[141]">&gt;&gt;</a>&nbsp;&nbsp;&nbsp;sensor_enable
</UL>

<P><STRONG><a name="[157]"></a>set_wrist_wear_wake_up_wh_config</STRONG> (Thumb, 250 bytes, Stack size 40 bytes, bmi2.o(i.set_wrist_wear_wake_up_wh_config))
<BR><BR>[Stack]<UL><LI>Max Depth = 140<LI>Call Chain = set_wrist_wear_wake_up_wh_config &rArr; bmi2_get_feat_config &rArr; bmi2_get_regs &rArr; malloc
</UL>
<BR>[Calls]<UL><LI><a href="#[113]">&gt;&gt;</a>&nbsp;&nbsp;&nbsp;bmi2_set_regs
<LI><a href="#[112]">&gt;&gt;</a>&nbsp;&nbsp;&nbsp;bmi2_get_feat_config
<LI><a href="#[131]">&gt;&gt;</a>&nbsp;&nbsp;&nbsp;bmi2_extract_input_feat_config
</UL>
<BR>[Called By]<UL><LI><a href="#[d5]">&gt;&gt;</a>&nbsp;&nbsp;&nbsp;bmi2_set_sensor_config
</UL>

<P><STRONG><a name="[17d]"></a>upload_file</STRONG> (Thumb, 64 bytes, Stack size 24 bytes, bmi2.o(i.upload_file))
<BR><BR>[Stack]<UL><LI>Max Depth = 56<LI>Call Chain = upload_file &rArr; bmi2_set_regs
</UL>
<BR>[Calls]<UL><LI><a href="#[113]">&gt;&gt;</a>&nbsp;&nbsp;&nbsp;bmi2_set_regs
</UL>
<BR>[Called By]<UL><LI><a href="#[15b]">&gt;&gt;</a>&nbsp;&nbsp;&nbsp;write_config_file
</UL>

<P><STRONG><a name="[15b]"></a>write_config_file</STRONG> (Thumb, 224 bytes, Stack size 32 bytes, bmi2.o(i.write_config_file))
<BR><BR>[Stack]<UL><LI>Max Depth = 116<LI>Call Chain = write_config_file &rArr; bmi2_set_adv_power_save &rArr; bmi2_get_regs &rArr; malloc
</UL>
<BR>[Calls]<UL><LI><a href="#[17c]">&gt;&gt;</a>&nbsp;&nbsp;&nbsp;set_config_load
<LI><a href="#[11a]">&gt;&gt;</a>&nbsp;&nbsp;&nbsp;bmi2_set_adv_power_save
<LI><a href="#[17d]">&gt;&gt;</a>&nbsp;&nbsp;&nbsp;upload_file
</UL>
<BR>[Called By]<UL><LI><a href="#[15a]">&gt;&gt;</a>&nbsp;&nbsp;&nbsp;bmi2_write_config_file
</UL>

<P><STRONG><a name="[102]"></a>_printf_core</STRONG> (Thumb, 336 bytes, Stack size 88 bytes, printf1.o(i._printf_core), UNUSED)
<BR><BR>[Calls]<UL><LI><a href="#[10e]">&gt;&gt;</a>&nbsp;&nbsp;&nbsp;__aeabi_uidivmod
</UL>
<BR>[Called By]<UL><LI><a href="#[101]">&gt;&gt;</a>&nbsp;&nbsp;&nbsp;__0printf$1
</UL>
<P>
<H3>
Undefined Global Symbols
</H3><HR></body></html>
