<html>
<body>
<pre>
<h1>µVision Build Log</h1>
<h2>Tool Versions:</h2>
IDE-Version: ¦ÌVision V5.31.0.0
Copyright (C) 2020 ARM Ltd and ARM Germany GmbH. All rights reserved.
License Information: LiangYuqian E570, ccc, LIC=YA3VE-5FWDD-1P3Z5-GVR8J-G99MA-5XGDW
 
Tool Versions:
Toolchain:       MDK-ARM Plus  Version: 5.31.0.0
Toolchain Path:  C:\Keil_v5\ARM\ARMCC\Bin
C Compiler:      Armcc.exe V5.06 update 6 (build 750)
Assembler:       Armasm.exe V5.06 update 6 (build 750)
Linker/Locator:  ArmLink.exe V5.06 update 6 (build 750)
Library Manager: ArmAr.exe V5.06 update 6 (build 750)
Hex Converter:   FromElf.exe V5.06 update 6 (build 750)
CPU DLL:         SARMCM3.DLL V5.31.0.0
Dialog DLL:      DCM.DLL V1.17.3.0
Target DLL:      Segger\JL2CM3.dll V2.99.35.0
Dialog DLL:      TCM.DLL V1.46.0.0
 
<h2>Project:</h2>
G:\RobotPiolits\2021ÐÂ°æÉÚ±ø\master\Project\project.uvprojx
Project File Date:  02/02/2021

<h2>Output:</h2>
*** Using Compiler 'V5.06 update 6 (build 750)', folder: 'C:\Keil_v5\ARM\ARMCC\Bin'
Rebuild target 'Target 1'
Note: source file '..\BSP\vision.c' - object file renamed from '.\Objects\vision.o' to '.\Objects\vision_1.o'.
compiling pid.c...
compiling mode.c...
compiling stm32f4xx_it.c...
compiling system.c...
compiling main.c...
compiling chassis.c...
compiling gimbal.c...
compiling launcher.c...
compiling judge.c...
compiling kalman.c...
compiling control.c...
compiling visual_process.c...
compiling can1.c...
compiling can2.c...
compiling crc.c...
compiling led.c...
compiling usart2.c...
compiling pwm.c...
compiling usart5.c...
compiling io.c...
compiling laser.c...
compiling time1.c...
compiling anoc.c...
compiling misc.c...
compiling myiic.c...
compiling iic.c...
compiling vision.c...
compiling stm32f4xx_gpio.c...
assembling startup_stm32f40xx.s...
compiling stm32f4xx_usart.c...
compiling stm32f4xx_rcc.c...
compiling stm32f4xx_tim.c...
compiling system_stm32f4xx.c...
compiling stm32f4xx_exti.c...
compiling stm32f4xx_can.c...
compiling stm32f4xx_dma.c...
compiling stm32f4xx_flash.c...
compiling usart.c...
compiling stm32f4xx_syscfg.c...
compiling stm32f4xx_adc.c...
compiling stm32f4xx_spi.c...
compiling arm_mat_add_f32.c...
compiling arm_mat_init_f32.c...
compiling arm_mat_cmplx_mult_f32.c...
compiling sys.c...
compiling arm_mat_mult_f32.c...
compiling arm_mat_inverse_f32.c...
compiling arm_mat_inverse_f64.c...
compiling arm_mat_scale_f32.c...
compiling arm_mat_sub_f32.c...
compiling arm_mat_trans_f32.c...
compiling arm_cos_f32.c...
compiling arm_sin_f32.c...
compiling bmi2_ois.c...
compiling bmi270.c...
compiling bmi270_context.c...
compiling bmi2_common.c...
compiling bmi.c...
compiling spi2.c...
compiling bmi2.c...
linking...
Program Size: Code=36612 RO-data=15556 RW-data=1908 ZI-data=3116  
FromELF: creating hex file...
".\Objects\project.axf" - 0 Error(s), 0 Warning(s).

<h2>Software Packages used:</h2>

Package Vendor: Keil
                http://www.keil.com/pack/Keil.STM32F4xx_DFP.2.14.0.pack
                Keil.STM32F4xx_DFP.2.14.0
                STMicroelectronics STM32F4 Series Device Support, Drivers and Examples

<h2>Collection of Component include folders:</h2>
  C:\Users\E570\AppData\Local\Arm\Packs\Keil\STM32F4xx_DFP\2.14.0\Drivers\CMSIS\Device\ST\STM32F4xx\Include

<h2>Collection of Component Files used:</h2>
Build Time Elapsed:  00:00:38
</pre>
</body>
</html>
